\BOOKMARK [1][-]{section*.1}{\376\377\000S\000o\000b\000r\000e\000\040\000C\000G\000V}{}% 1
\BOOKMARK [1][-]{section*.2}{\376\377\000C\000o\000m\000o\000\040\000u\000s\000a\000r\000\040\000e\000s\000t\000e\000\040\000m\000a\000n\000u\000a\000l}{}% 2
\BOOKMARK [2][-]{subsection*.3}{\376\377\000P\000r\000o\000p\000\363\000s\000i\000t\000o\000\040\000y\000\040\000e\000n\000f\000o\000q\000u\000e}{section*.2}% 3
\BOOKMARK [2][-]{subsection*.4}{\376\377\000M\000e\000t\000o\000d\000o\000l\000o\000g\000\355\000a\000\040\000d\000e\000\040\000e\000s\000t\000u\000d\000i\000o}{section*.2}% 4
\BOOKMARK [2][-]{subsection*.5}{\376\377\000A\000l\000c\000a\000n\000c\000e\000\040\000y\000\040\000u\000s\000o\000\040\000d\000e\000l\000\040\000m\000a\000n\000u\000a\000l}{section*.2}% 5
\BOOKMARK [2][-]{subsection*.6}{\376\377\000R\000e\000s\000u\000l\000t\000a\000d\000o\000\040\000e\000s\000p\000e\000r\000a\000d\000o}{section*.2}% 6
\BOOKMARK [1][-]{section*.7}{\376\377\000I\000N\000T\000R\000O\000D\000U\000C\000C\000I\000\323\000N}{}% 7
\BOOKMARK [1][-]{section*.9}{\376\377\000C\000A\000P\000\315\000T\000U\000L\000O\000\040\0001\000\040\000-\000\040\000C\000o\000m\000e\000n\000c\000e\000m\000o\000s}{}% 8
\BOOKMARK [1][-]{section*.10}{\376\377\000C\000A\000P\000\315\000T\000U\000L\000O\000\040\0002\000\040\000-\000\040\000E\000L\000\040\000C\000O\000N\000S\000T\000R\000U\000C\000T\000O\000R}{}% 9
\BOOKMARK [1][-]{section*.20}{\376\377\000C\000A\000P\000\315\000T\000U\000L\000O\000\040\0003\000\040\000-\000\040\000\277\000Q\000U\000I\000\311\000N\000\040\000E\000S\000T\000\301\000\040\000E\000D\000I\000F\000I\000C\000A\000N\000D\000O\000?}{}% 10
\BOOKMARK [1][-]{section*.25}{\376\377\000C\000A\000P\000\315\000T\000U\000L\000O\000\040\0004\000\040\000-\000\040\000\277\000Q\000U\000\311\000\040\000E\000S\000T\000\301\000\040\000E\000D\000I\000F\000I\000C\000A\000N\000D\000O\000\040\000E\000L\000\040\000C\000O\000N\000S\000T\000R\000U\000C\000T\000O\000R\000?}{}% 11
\BOOKMARK [1][-]{section*.32}{\376\377\000C\000A\000P\000\315\000T\000U\000L\000O\000\040\0005\000\040\000-\000\040\000\277\000C\000\323\000M\000O\000\040\000E\000D\000I\000F\000I\000C\000A\000\040\000E\000L\000\040\000C\000O\000N\000S\000T\000R\000U\000C\000T\000O\000R\000?}{}% 12
\BOOKMARK [1][-]{section*.38}{\376\377\000C\000A\000P\000\315\000T\000U\000L\000O\000\040\0006\000\040\000-\000\040\000\277\000D\000\323\000N\000D\000E\000\040\000E\000D\000I\000F\000I\000C\000A\000\040\000E\000L\000\040\000C\000O\000N\000S\000T\000R\000U\000C\000T\000O\000R\000?}{}% 13
\BOOKMARK [1][-]{section*.46}{\376\377\000C\000A\000P\000\315\000T\000U\000L\000O\000\040\0007\000\040\000-\000\040\000\277\000C\000U\000\301\000L\000\040\000E\000S\000\040\000L\000A\000\040\000M\000E\000T\000A\000\040\000D\000E\000L\000\040\000C\000O\000N\000S\000T\000R\000U\000C\000T\000O\000R\000?}{}% 14
\BOOKMARK [1][-]{section*.51}{\376\377\000C\000A\000P\000\315\000T\000U\000L\000O\000\040\0008\000\040\000-\000\040\000A\000M\000E\000N\000A\000Z\000A\000S\000\040\000A\000\040\000L\000A\000\040\000O\000B\000R\000A\000\040\000D\000E\000L\000\040\000C\000O\000N\000S\000T\000R\000U\000C\000T\000O\000R}{}% 15
\BOOKMARK [1][-]{section*.63}{\376\377\000C\000A\000P\000\315\000T\000U\000L\000O\000\040\0009\000\040\000-\000\040\000J\000E\000S\000\332\000S\000\040\000F\000O\000R\000M\000A\000\040\000A\000\040\000L\000O\000S\000\040\000Q\000U\000E\000\040\000E\000N\000V\000I\000A\000R\000\301}{}% 16
\BOOKMARK [1][-]{section*.72}{\376\377\000C\000A\000P\000\315\000T\000U\000L\000O\000\040\0001\0001\000\040\000-\000\040\000\277\000Q\000U\000\311\000\040\000P\000A\000S\000\323\000\040\000C\000O\000N\000\040\000E\000L\000\040\000D\000I\000S\000C\000I\000P\000U\000L\000A\000D\000O\000?}{}% 17
\BOOKMARK [1][-]{section*.74}{\376\377\000C\000A\000P\000\315\000T\000U\000L\000O\000\040\0001\0002\000\040\000-\000\040\000E\000S\000C\000U\000C\000H\000E\000M\000O\000S\000\040\000A\000\040\000L\000O\000S\000\040\000A\000P\000\323\000S\000T\000O\000L\000E\000S}{}% 18
\BOOKMARK [1][-]{section*.80}{\376\377\000C\000a\000p\000\355\000t\000u\000l\000o\000\040\0001\0003\000\040\000\277\000E\000N\000\040\000Q\000U\000\311\000\040\000E\000S\000T\000\301\000\040\000O\000C\000U\000P\000A\000D\000O\000\040\000C\000R\000I\000S\000T\000O\000?}{}% 19
\BOOKMARK [1][-]{section*.86}{\376\377\000C\000a\000p\000\355\000t\000u\000l\000o\000\040\0001\0004\000\040\000-\000\040\000P\000A\000R\000T\000I\000C\000I\000P\000A\000N\000D\000O\000\040\000C\000O\000N\000\040\000C\000O\000N\000F\000I\000A\000N\000Z\000A}{}% 20
\BOOKMARK [1][-]{section*.105}{\376\377\000C\000A\000P\000\315\000T\000U\000L\000O\000\040\0001\0005\000\040\000-\000\040\000E\000N\000S\000E\000\321\000A\000N\000D\000O\000\040\000P\000A\000R\000A\000\040\000U\000B\000I\000C\000A\000R\000\040\000A\000\040\000L\000A\000\040\000I\000G\000L\000E\000S\000I\000A\000\040\000E\000N\000\040\000C\000R\000I\000S\000T\000O}{}% 21
\BOOKMARK [1][-]{section*.116}{\376\377\000C\000A\000P\000\315\000T\000U\000L\000O\000\040\0001\0006\000\040\000-\000\040\000\277\000Q\000U\000\311\000\040\000E\000S\000T\000\301\000N\000\040\000T\000R\000A\000T\000A\000N\000D\000O\000\040\000D\000E\000\040\000E\000N\000C\000A\000R\000G\000A\000R\000\040\000L\000O\000S\000\040\000A\000P\000\323\000S\000T\000O\000L\000E\000S\000?}{}% 22
\BOOKMARK [1][-]{section*.131}{\376\377\000C\000A\000P\000\315\000T\000U\000L\000O\000\040\0001\0007\000\040\000-\000\040\000\277\000P\000O\000R\000\040\000Q\000U\000\311\000\040\000L\000A\000\040\000I\000G\000L\000E\000S\000I\000A\000\040\000E\000S\000\040\000U\000N\000\040\000L\000U\000G\000A\000R\000\040\000T\000A\000N\000\040\000E\000X\000T\000R\000A\000O\000R\000D\000I\000N\000A\000R\000I\000O\000\040\000P\000A\000R\000A\000\040\000P\000A\000R\000T\000I\000C\000I\000P\000A\000R\000?}{}% 23
\BOOKMARK [1][-]{section*.148}{\376\377\000C\000A\000P\000\315\000T\000U\000L\000O\000\040\0001\0008\000\040\000-\000\040\000\277\000C\000\323\000M\000O\000\040\000P\000E\000R\000M\000A\000N\000E\000C\000E\000\040\000E\000L\000\040\000E\000V\000A\000N\000G\000E\000L\000I\000O\000\040\000E\000N\000\040\000E\000L\000\040\000C\000E\000N\000T\000R\000O\000?}{}% 24
\BOOKMARK [1][-]{section*.164}{\376\377\000C\000A\000P\000\315\000T\000U\000L\000O\000\040\0001\0009\000\040\000-\000\040\000\277\000P\000O\000R\000\040\000Q\000U\000\311\000\040\000M\000E\000D\000I\000O\000\040\000P\000A\000R\000T\000I\000C\000I\000P\000A\000N\000\040\000L\000O\000S\000\040\000C\000R\000E\000Y\000E\000N\000T\000E\000S\000?}{}% 25
\BOOKMARK [1][-]{section*.181}{\376\377\000C\000A\000P\000\315\000T\000U\000L\000O\000\040\0002\0000\000\040\000-\000\040\000C\000O\000N\000O\000C\000E\000R\000\040\000A\000\040\000C\000R\000I\000S\000T\000O}{}% 26
\BOOKMARK [1][-]{section*.198}{\376\377\000C\000A\000P\000\315\000T\000U\000L\000O\000\040\0002\0001\000\040\000-\000\040\000L\000A\000\040\000I\000G\000L\000E\000S\000I\000A\000\040\000V\000I\000V\000I\000E\000N\000D\000O\000\040\000A\000C\000T\000U\000A\000L\000M\000E\000N\000T\000E\000\040\000E\000N\000\040\000C\000R\000I\000S\000T\000O}{}% 27
\BOOKMARK [1][-]{section*.216}{\376\377\000C\000A\000P\000\315\000T\000U\000L\000O\000\040\0002\0003\000\040\000-\000\040\000\277\000C\000\323\000M\000O\000\040\000L\000U\000C\000E\000\040\000U\000N\000A\000\040\000P\000A\000R\000T\000I\000C\000I\000P\000A\000C\000I\000\323\000N\000\040\000F\000I\000E\000L\000?}{}% 28
\BOOKMARK [1][-]{section*.234}{\376\377\000C\000A\000P\000\315\000T\000U\000L\000O\000\040\0002\0004\000\040\000-\000\040\000\277\000C\000\323\000M\000O\000\040\000L\000U\000C\000E\000\040\000U\000N\000A\000\040\000P\000A\000R\000T\000I\000C\000I\000P\000A\000C\000I\000\323\000N\000\040\000D\000E\000F\000I\000C\000I\000E\000N\000T\000E\000?}{}% 29
\BOOKMARK [1][-]{section*.253}{\376\377\000C\000A\000P\000\315\000T\000U\000L\000O\000\040\0002\0005\000\040\000-\000\040\000\277\000Q\000U\000\311\000\040\000E\000S\000T\000\301\000\040\000E\000N\000\040\000J\000U\000E\000G\000O\000?}{}% 30
\BOOKMARK [1][-]{section*.270}{\376\377\000C\000A\000P\000\315\000T\000U\000L\000O\000\040\0002\0006\000\040\000-\000\040\000\277\000P\000O\000R\000\040\000Q\000U\000\311\000\040\000S\000O\000N\000\040\000E\000N\000S\000E\000\321\000A\000D\000A\000S\000\040\000L\000A\000S\000\040\000R\000E\000C\000O\000M\000P\000E\000N\000S\000A\000S\000?}{}% 31
\BOOKMARK [1][-]{section*.288}{\376\377\000C\000A\000P\000\315\000T\000U\000L\000O\000\040\0002\0007\000\040\000-\000\040\000\277\000P\000O\000R\000\040\000Q\000U\000\311\000\040\000H\000O\000M\000B\000R\000E\000S\000\040\000F\000I\000E\000L\000E\000S\000?}{}% 32
\BOOKMARK [1][-]{section*.306}{\376\377\000C\000A\000P\000\315\000T\000U\000L\000O\000\040\0002\0008\000\040\000-\000\040\000\277\000Q\000U\000\311\000\040\000S\000I\000G\000N\000I\000F\000I\000C\000A\000\040\000E\000N\000C\000A\000R\000G\000A\000R\000?}{}% 33
\BOOKMARK [1][-]{section*.323}{\376\377\000C\000A\000P\000\315\000T\000U\000L\000O\000\040\0002\0009\000\040\000-\000\040\000P\000A\000D\000R\000E\000S\000,\000\040\000M\000A\000D\000R\000E\000S\000\040\000Y\000\040\000E\000J\000E\000M\000P\000L\000O\000S}{}% 34
\BOOKMARK [1][-]{section*.339}{\376\377\000C\000A\000P\000\315\000T\000U\000L\000O\000\040\0003\0000}{}% 35
\BOOKMARK [1][-]{section*.340}{\376\377\000G\000E\000N\000E\000R\000A\000C\000I\000O\000N\000E\000S}{}% 36
\BOOKMARK [1][-]{section*.357}{\376\377\000C\000A\000P\000\315\000T\000U\000L\000O\000\040\0003\0001}{}% 37
\BOOKMARK [1][-]{section*.358}{\376\377\000T\000E\000R\000M\000I\000N\000A\000N\000D\000O\000\040\000B\000I\000E\000N}{}% 38
\BOOKMARK [1][-]{section*.372}{\376\377\000C\000A\000P\000\315\000T\000U\000L\000O\000\040\0003\0002}{}% 39
\BOOKMARK [1][-]{section*.373}{\376\377\000H\000A\000S\000T\000A\000\040\000Q\000U\000E\000\040\000\311\000L\000\040\000V\000E\000N\000G\000A}{}% 40
\BOOKMARK [1][-]{section*.391}{\376\377\000C\000A\000P\000\315\000T\000U\000L\000O\000\040\0003\0003}{}% 41
\BOOKMARK [1][-]{section*.392}{\376\377\000E\000L\000\040\000C\000O\000N\000S\000T\000R\000U\000C\000T\000O\000R\000\040\000P\000R\000E\000S\000E\000N\000T\000A\000R\000\301\000\040\000S\000U\000\040\000I\000G\000L\000E\000S\000I\000A}{}% 42
\BOOKMARK [1][-]{section*.410}{\376\377\000C\000A\000P\000\315\000T\000U\000L\000O\000\040\0003\0004}{}% 43
\BOOKMARK [1][-]{section*.411}{\376\377\000L\000A\000\040\000G\000L\000O\000R\000I\000A\000\040\000E\000S\000\040\000D\000E\000L\000\040\000C\000O\000N\000S\000T\000R\000U\000C\000T\000O\000R}{}% 44
\BOOKMARK [1][-]{section*.428}{\376\377\000C\000a\000p\000\355\000t\000u\000l\000o\000\040\0003\0005}{}% 45
