\BOOKMARK [2][-]{subsection*.1}{\376\377\000S\000o\000b\000r\000e\000\040\000C\000G\000V}{}% 1
\BOOKMARK [1][-]{section*.2}{\376\377\000C\000o\000m\000o\000\040\000u\000s\000a\000r\000\040\000e\000s\000t\000e\000\040\000m\000a\000n\000u\000a\000l}{}% 2
\BOOKMARK [2][-]{subsection*.3}{\376\377\000P\000r\000o\000p\000\363\000s\000i\000t\000o\000\040\000y\000\040\000e\000n\000f\000o\000q\000u\000e}{section*.2}% 3
\BOOKMARK [2][-]{subsection*.4}{\376\377\000M\000e\000t\000o\000d\000o\000l\000o\000g\000\355\000a\000\040\000d\000e\000\040\000e\000s\000t\000u\000d\000i\000o}{section*.2}% 4
\BOOKMARK [2][-]{subsection*.5}{\376\377\000A\000l\000c\000a\000n\000c\000e\000\040\000y\000\040\000u\000s\000o\000\040\000d\000e\000l\000\040\000m\000a\000n\000u\000a\000l}{section*.2}% 5
\BOOKMARK [2][-]{subsection*.6}{\376\377\000R\000e\000s\000u\000l\000t\000a\000d\000o\000\040\000e\000s\000p\000e\000r\000a\000d\000o}{section*.2}% 6
\BOOKMARK [1][-]{section*.7}{\376\377\000I\000N\000T\000R\000O\000D\000U\000C\000C\000I\000\323\000N}{}% 7
\BOOKMARK [2][-]{subsection*.8}{\376\377\000P\000r\000e\000\341\000m\000b\000u\000l\000o}{section*.7}% 8
\BOOKMARK [2][-]{subsection*.9}{\376\377\000S\000o\000b\000r\000e\000\040\000e\000l\000\040\000a\000u\000t\000o\000r}{section*.7}% 9
\BOOKMARK [2][-]{subsection*.10}{\376\377\000R\000O\000M\000A}{section*.7}% 10
\BOOKMARK [2][-]{subsection*.11}{\376\377\000G\000r\000a\000m\000\341\000t\000i\000c\000a\000\040\000d\000e\000\040\000l\000a\000\040\000c\000a\000r\000t\000a}{section*.7}% 11
\BOOKMARK [2][-]{subsection*.12}{\376\377\000C\000o\000n\000c\000e\000p\000t\000o\000s\000\040\000i\000m\000p\000o\000r\000t\000a\000n\000t\000e\000s\000\040\000p\000r\000e\000s\000e\000n\000t\000a\000d\000o\000s\000\040\000e\000n\000\040\000R\000o\000m\000a\000n\000o\000s}{section*.7}% 12
\BOOKMARK [1][-]{section*.13}{\376\377\000R\000O\000M\000A\000N\000O\000S\000\040\0001\000:\0001\040\023\0001\0007\000\040\040\023\000\040\000I\000n\000t\000r\000o\000d\000u\000c\000c\000i\000\363\000n\000\040\000y\000\040\000t\000e\000s\000i\000s\000\040\000d\000e\000l\000\040\000e\000v\000a\000n\000g\000e\000l\000i\000o}{}% 13
\BOOKMARK [2][-]{subsection*.14}{\376\377\000R\000o\000m\000a\000n\000o\000s\000\040\0001\000:\0001\040\023\0007\000\040\040\023\000\040\000I\000d\000e\000n\000t\000i\000d\000a\000d\000\040\000a\000p\000o\000s\000t\000\363\000l\000i\000c\000a\000\040\000y\000\040\000d\000e\000s\000c\000r\000i\000p\000c\000i\000\363\000n\000\040\000d\000e\000l\000\040\000e\000v\000a\000n\000g\000e\000l\000i\000o}{section*.13}% 14
\BOOKMARK [3][-]{subsubsection*.15}{\376\377\000R\000o\000m\000a\000n\000o\000s\000\040\0001\000:\0001}{subsection*.14}% 15
\BOOKMARK [3][-]{subsubsection*.16}{\376\377\000R\000o\000m\000a\000n\000o\000s\000\040\0001\000:\0002}{subsection*.14}% 16
\BOOKMARK [3][-]{subsubsection*.17}{\376\377\000R\000o\000m\000a\000n\000o\000s\000\040\0001\000:\0003}{subsection*.14}% 17
\BOOKMARK [3][-]{subsubsection*.18}{\376\377\000R\000o\000m\000a\000n\000o\000s\000\040\0001\000:\0004}{subsection*.14}% 18
\BOOKMARK [3][-]{subsubsection*.19}{\376\377\000R\000o\000m\000a\000n\000o\000s\000\040\0001\000:\0005}{subsection*.14}% 19
\BOOKMARK [3][-]{subsubsection*.20}{\376\377\000R\000o\000m\000a\000n\000o\000s\000\040\0001\000:\0006}{subsection*.14}% 20
\BOOKMARK [3][-]{subsubsection*.21}{\376\377\000R\000o\000m\000a\000n\000o\000s\000\040\0001\000:\0007}{subsection*.14}% 21
\BOOKMARK [2][-]{subsection*.22}{\376\377\000R\000o\000m\000a\000n\000o\000s\000\040\0001\000:\0008\040\023\0001\0005\000\040\040\023\000\040\000R\000e\000l\000a\000c\000i\000\363\000n\000\040\000c\000o\000n\000\040\000l\000o\000s\000\040\000c\000r\000e\000y\000e\000n\000t\000e\000s\000\040\000e\000n\000\040\000R\000o\000m\000a}{section*.13}% 22
\BOOKMARK [3][-]{subsubsection*.23}{\376\377\000R\000o\000m\000a\000n\000o\000s\000\040\0001\000:\0008}{subsection*.22}% 23
\BOOKMARK [3][-]{subsubsection*.24}{\376\377\000R\000o\000m\000a\000n\000o\000s\000\040\0001\000:\0009}{subsection*.22}% 24
\BOOKMARK [3][-]{subsubsection*.25}{\376\377\000R\000o\000m\000a\000n\000o\000s\000\040\0001\000:\0001\0000}{subsection*.22}% 25
\BOOKMARK [3][-]{subsubsection*.26}{\376\377\000R\000o\000m\000a\000n\000o\000s\000\040\0001\000:\0001\0001}{subsection*.22}% 26
\BOOKMARK [3][-]{subsubsection*.27}{\376\377\000R\000o\000m\000a\000n\000o\000s\000\040\0001\000:\0001\0002}{subsection*.22}% 27
\BOOKMARK [3][-]{subsubsection*.28}{\376\377\000R\000o\000m\000a\000n\000o\000s\000\040\0001\000:\0001\0003}{subsection*.22}% 28
\BOOKMARK [3][-]{subsubsection*.29}{\376\377\000R\000o\000m\000a\000n\000o\000s\000\040\0001\000:\0001\0004}{subsection*.22}% 29
\BOOKMARK [3][-]{subsubsection*.30}{\376\377\000R\000o\000m\000a\000n\000o\000s\000\040\0001\000:\0001\0005}{subsection*.22}% 30
\BOOKMARK [2][-]{subsection*.31}{\376\377\000R\000o\000m\000a\000n\000o\000s\000\040\0001\000:\0001\0006\040\023\0001\0007\000\040\000D\000e\000c\000l\000a\000r\000a\000c\000i\000\363\000n\000\040\000c\000e\000n\000t\000r\000a\000l\000\040\000d\000e\000l\000\040\000e\000v\000a\000n\000g\000e\000l\000i\000o}{section*.13}% 31
\BOOKMARK [3][-]{subsubsection*.32}{\376\377\000R\000o\000m\000a\000n\000o\000s\000\040\0001\000:\0001\0006}{subsection*.31}% 32
\BOOKMARK [3][-]{subsubsection*.33}{\376\377\000R\000o\000m\000a\000n\000o\000s\000\040\0001\000:\0001\0007}{subsection*.31}% 33
\BOOKMARK [3][-]{subsubsection*.34}{\376\377\000E\000l\000\040\000e\000v\000a\000n\000g\000e\000l\000i\000o\000\040\000n\000o\000\040\000c\000o\000m\000i\000e\000n\000z\000a\000\040\000c\000o\000n\000\040\000e\000l\000\040\000h\000o\000m\000b\000r\000e\000,\000\040\000s\000i\000n\000o\000\040\000c\000o\000n\000\040\000D\000i\000o\000s\000\040\000y\000\040\000S\000u\000\040\000p\000r\000o\000p\000\363\000s\000i\000t\000o\000.}{subsection*.31}% 34
\BOOKMARK [1][-]{section*.35}{\376\377\000R\000O\000M\000A\000N\000O\000S\000\040\0001\000:\0001\0008\040\023\0003\000:\0002\0000\000\040\040\023\000\040\000L\000a\000\040\000r\000e\000v\000e\000l\000a\000c\000i\000\363\000n\000\040\000d\000e\000\040\000l\000a\000\040\000i\000r\000a\000\040\000y\000\040\000l\000a\000\040\000r\000e\000s\000p\000o\000n\000s\000a\000b\000i\000l\000i\000d\000a\000d\000\040\000u\000n\000i\000v\000e\000r\000s\000a\000l}{}% 35
\BOOKMARK [2][-]{subsection*.36}{\376\377\000R\000o\000m\000a\000n\000o\000s\000\040\0001\000:\0001\0008\040\023\0002\0003\000\040\040\023\000\040\000L\000a\000\040\000r\000e\000v\000e\000l\000a\000c\000i\000\363\000n\000\040\000d\000e\000\040\000D\000i\000o\000s\000\040\000y\000\040\000s\000u\000p\000r\000e\000s\000i\000\363\000n\000\040\000d\000e\000\040\000l\000a\000\040\000v\000e\000r\000d\000a\000d}{section*.35}% 36
\BOOKMARK [3][-]{subsubsection*.37}{\376\377\000R\000o\000m\000a\000n\000o\000s\000\040\0001\000:\0001\0008}{subsection*.36}% 37
\BOOKMARK [3][-]{subsubsection*.38}{\376\377\000R\000o\000m\000a\000n\000o\000s\000\040\0001\000:\0001\0009}{subsection*.36}% 38
\BOOKMARK [3][-]{subsubsection*.39}{\376\377\000R\000o\000m\000a\000n\000o\000s\000\040\0001\000:\0002\0000}{subsection*.36}% 39
\BOOKMARK [3][-]{subsubsection*.40}{\376\377\000R\000o\000m\000a\000n\000o\000s\000\040\0001\000:\0002\0001}{subsection*.36}% 40
\BOOKMARK [3][-]{subsubsection*.41}{\376\377\000R\000o\000m\000a\000n\000o\000s\000\040\0001\000:\0002\0002}{subsection*.36}% 41
\BOOKMARK [3][-]{subsubsection*.42}{\376\377\000R\000o\000m\000a\000n\000o\000s\000\040\0001\000:\0002\0003}{subsection*.36}% 42
\BOOKMARK [2][-]{subsection*.43}{\376\377\000R\000o\000m\000a\000n\000o\000s\000\040\0001\000:\0002\0004\040\023\0002\0005\000\040\040\023\000\040\000E\000n\000t\000r\000e\000g\000a\000d\000o\000s\000\040\000a\000\040\000l\000o\000s\000\040\000d\000e\000s\000e\000o\000s\000\040\000d\000e\000l\000\040\000c\000o\000r\000a\000z\000\363\000n}{section*.35}% 43
\BOOKMARK [3][-]{subsubsection*.44}{\376\377\000R\000o\000m\000a\000n\000o\000s\000\040\0001\000:\0002\0004}{subsection*.43}% 44
\BOOKMARK [3][-]{subsubsection*.45}{\376\377\000R\000o\000m\000a\000n\000o\000s\000\040\0001\000:\0002\0005}{subsection*.43}% 45
\BOOKMARK [2][-]{subsection*.46}{\376\377\000R\000o\000m\000a\000n\000o\000s\000\040\0001\000:\0002\0006\040\023\0002\0007\000\040\040\023\000\040\000E\000n\000t\000r\000e\000g\000a\000d\000o\000s\000\040\000a\000\040\000p\000a\000s\000i\000o\000n\000e\000s\000\040\000d\000e\000g\000r\000a\000d\000a\000n\000t\000e\000s}{section*.35}% 46
\BOOKMARK [3][-]{subsubsection*.47}{\376\377\000L\000a\000\040\000c\000o\000n\000s\000e\000c\000u\000e\000n\000c\000i\000a\000\040\000e\000s\000\040\000u\000n\000a\000\040\000i\000n\000v\000e\000r\000s\000i\000\363\000n\000\040\000d\000e\000\040\000v\000a\000l\000o\000r\000e\000s}{subsection*.46}% 47
\BOOKMARK [3][-]{subsubsection*.48}{\376\377\000R\000o\000m\000a\000n\000o\000s\000\040\0001\000:\0002\0006}{subsection*.46}% 48
\BOOKMARK [3][-]{subsubsection*.49}{\376\377\000R\000o\000m\000a\000n\000o\000s\000\040\0001\000:\0002\0007}{subsection*.46}% 49
\BOOKMARK [2][-]{subsection*.50}{\376\377\000R\000o\000m\000a\000n\000o\000s\000\040\0001\000:\0002\0008\040\023\0003\0002\000\040\040\023\000\040\000E\000n\000t\000r\000e\000g\000a\000d\000o\000s\000\040\000a\000\040\000u\000n\000a\000\040\000m\000e\000n\000t\000e\000\040\000r\000e\000p\000r\000o\000b\000a\000d\000a}{section*.35}% 50
\BOOKMARK [3][-]{subsubsection*.51}{\376\377\000R\000o\000m\000a\000n\000o\000s\000\040\0001\000:\0002\0008}{subsection*.50}% 51
\BOOKMARK [3][-]{subsubsection*.52}{\376\377\000R\000o\000m\000a\000n\000o\000s\000\040\0001\000:\0002\0009}{subsection*.50}% 52
\BOOKMARK [3][-]{subsubsection*.53}{\376\377\000R\000o\000m\000a\000n\000o\000s\000\040\0001\000:\0003\0000}{subsection*.50}% 53
\BOOKMARK [3][-]{subsubsection*.54}{\376\377\000R\000o\000m\000a\000n\000o\000s\000\040\0001\000:\0003\0001}{subsection*.50}% 54
\BOOKMARK [3][-]{subsubsection*.55}{\376\377\000R\000o\000m\000a\000n\000o\000s\000\040\0001\000:\0003\0002}{subsection*.50}% 55
\BOOKMARK [2][-]{subsection*.56}{\376\377\000R\000o\000m\000a\000n\000o\000s\000\040\0002\000:\0001\040\023\0005\000\040\040\023\000\040\000J\000u\000i\000c\000i\000o\000\040\000s\000o\000b\000r\000e\000\040\000e\000l\000\040\000q\000u\000e\000\040\000j\000u\000z\000g\000a}{section*.35}% 56
\BOOKMARK [3][-]{subsubsection*.57}{\376\377\000R\000o\000m\000a\000n\000o\000s\000\040\0002\000:\0001}{subsection*.56}% 57
\BOOKMARK [3][-]{subsubsection*.58}{\376\377\000R\000o\000m\000a\000n\000o\000s\000\040\0002\000:\0002}{subsection*.56}% 58
\BOOKMARK [3][-]{subsubsection*.59}{\376\377\000R\000o\000m\000a\000n\000o\000s\000\040\0002\000:\0003}{subsection*.56}% 59
\BOOKMARK [3][-]{subsubsection*.60}{\376\377\000R\000o\000m\000a\000n\000o\000s\000\040\0002\000:\0004}{subsection*.56}% 60
\BOOKMARK [3][-]{subsubsection*.61}{\376\377\000R\000o\000m\000a\000n\000o\000s\000\040\0002\000:\0005}{subsection*.56}% 61
\BOOKMARK [2][-]{subsection*.62}{\376\377\000R\000o\000m\000a\000n\000o\000s\000\040\0002\000:\0006\040\023\0001\0001\000\040\040\023\000\040\000P\000r\000i\000n\000c\000i\000p\000i\000o\000\040\000d\000e\000l\000\040\000j\000u\000i\000c\000i\000o\000\040\000i\000m\000p\000a\000r\000c\000i\000a\000l\000\040\000d\000e\000\040\000D\000i\000o\000s}{section*.35}% 62
\BOOKMARK [3][-]{subsubsection*.63}{\376\377\000R\000o\000m\000a\000n\000o\000s\000\040\0002\000:\0006}{subsection*.62}% 63
\BOOKMARK [3][-]{subsubsection*.64}{\376\377\000R\000o\000m\000a\000n\000o\000s\000\040\0002\000:\0007}{subsection*.62}% 64
\BOOKMARK [3][-]{subsubsection*.65}{\376\377\000R\000o\000m\000a\000n\000o\000s\000\040\0002\000:\0008}{subsection*.62}% 65
\BOOKMARK [3][-]{subsubsection*.66}{\376\377\000R\000o\000m\000a\000n\000o\000s\000\040\0002\000:\0009}{subsection*.62}% 66
\BOOKMARK [3][-]{subsubsection*.67}{\376\377\000R\000o\000m\000a\000n\000o\000s\000\040\0002\000:\0001\0000}{subsection*.62}% 67
\BOOKMARK [3][-]{subsubsection*.68}{\376\377\000R\000o\000m\000a\000n\000o\000s\000\040\0002\000:\0001\0001}{subsection*.62}% 68
\BOOKMARK [2][-]{subsection*.69}{\376\377\000R\000o\000m\000a\000n\000o\000s\000\040\0002\000:\0001\0002\040\023\0001\0006\000\040\040\023\000\040\000J\000u\000i\000c\000i\000o\000\040\000s\000e\000g\000\372\000n\000\040\000l\000a\000\040\000l\000e\000y\000\040\000y\000\040\000l\000a\000\040\000c\000o\000n\000c\000i\000e\000n\000c\000i\000a}{section*.35}% 69
\BOOKMARK [3][-]{subsubsection*.70}{\376\377\000R\000o\000m\000a\000n\000o\000s\000\040\0002\000:\0001\0002}{subsection*.69}% 70
\BOOKMARK [3][-]{subsubsection*.71}{\376\377\000R\000o\000m\000a\000n\000o\000s\000\040\0002\000:\0001\0003}{subsection*.69}% 71
\BOOKMARK [3][-]{subsubsection*.72}{\376\377\000R\000o\000m\000a\000n\000o\000s\000\040\0002\000:\0001\0004}{subsection*.69}% 72
\BOOKMARK [3][-]{subsubsection*.73}{\376\377\000R\000o\000m\000a\000n\000o\000s\000\040\0002\000:\0001\0005}{subsection*.69}% 73
\BOOKMARK [3][-]{subsubsection*.74}{\376\377\000R\000o\000m\000a\000n\000o\000s\000\040\0002\000:\0001\0006}{subsection*.69}% 74
\BOOKMARK [2][-]{subsection*.75}{\376\377\000R\000o\000m\000a\000n\000o\000s\000\040\0002\000:\0001\0007\040\023\0002\0004\000\040\040\023\000\040\000J\000u\000i\000c\000i\000o\000\040\000s\000o\000b\000r\000e\000\040\000e\000l\000\040\000q\000u\000e\000\040\000s\000e\000\040\000g\000l\000o\000r\000\355\000a\000\040\000e\000n\000\040\000D\000i\000o\000s\000\040\000y\000\040\000n\000o\000\040\000c\000u\000m\000p\000l\000e\000\040\000l\000a\000\040\000l\000e\000y}{section*.35}% 75
\BOOKMARK [3][-]{subsubsection*.76}{\376\377\000R\000o\000m\000a\000n\000o\000s\000\040\0002\000:\0001\0007}{subsection*.75}% 76
\BOOKMARK [3][-]{subsubsection*.77}{\376\377\000R\000o\000m\000a\000n\000o\000s\000\040\0002\000:\0001\0008}{subsection*.75}% 77
\BOOKMARK [3][-]{subsubsection*.78}{\376\377\000R\000o\000m\000a\000n\000o\000s\000\040\0002\000:\0001\0009}{subsection*.75}% 78
\BOOKMARK [3][-]{subsubsection*.79}{\376\377\000R\000o\000m\000a\000n\000o\000s\000\040\0002\000:\0002\0000}{subsection*.75}% 79
\BOOKMARK [3][-]{subsubsection*.80}{\376\377\000R\000o\000m\000a\000n\000o\000s\000\040\0002\000:\0002\0001}{subsection*.75}% 80
\BOOKMARK [3][-]{subsubsection*.81}{\376\377\000R\000o\000m\000a\000n\000o\000s\000\040\0002\000:\0002\0002}{subsection*.75}% 81
\BOOKMARK [3][-]{subsubsection*.82}{\376\377\000R\000o\000m\000a\000n\000o\000s\000\040\0002\000:\0002\0003}{subsection*.75}% 82
\BOOKMARK [3][-]{subsubsection*.83}{\376\377\000R\000o\000m\000a\000n\000o\000s\000\040\0002\000:\0002\0004}{subsection*.75}% 83
\BOOKMARK [2][-]{subsection*.84}{\376\377\000R\000o\000m\000a\000n\000o\000s\000\040\0002\000:\0002\0005\040\023\0002\0009\000:\000\040\000J\000u\000i\000c\000i\000o\000\040\000s\000o\000b\000r\000e\000\040\000l\000a\000\040\000c\000i\000r\000c\000u\000n\000c\000i\000s\000i\000\363\000n\000\040\000e\000x\000t\000e\000r\000n\000a}{section*.35}% 84
\BOOKMARK [3][-]{subsubsection*.85}{\376\377\000R\000o\000m\000a\000n\000o\000s\000\040\0002\000:\0002\0005}{subsection*.84}% 85
\BOOKMARK [3][-]{subsubsection*.86}{\376\377\000R\000o\000m\000a\000n\000o\000s\000\040\0002\000:\0002\0006}{subsection*.84}% 86
\BOOKMARK [3][-]{subsubsection*.87}{\376\377\000R\000o\000m\000a\000n\000o\000s\000\040\0002\000:\0002\0007}{subsection*.84}% 87
\BOOKMARK [3][-]{subsubsection*.88}{\376\377\000R\000o\000m\000a\000n\000o\000s\000\040\0002\000:\0002\0008}{subsection*.84}% 88
\BOOKMARK [3][-]{subsubsection*.89}{\376\377\000R\000o\000m\000a\000n\000o\000s\000\040\0002\000:\0002\0009}{subsection*.84}% 89
\BOOKMARK [2][-]{subsection*.90}{\376\377\000R\000o\000m\000a\000n\000o\000s\000\040\0003\000:\0001\040\023\0004\000\040\000P\000r\000i\000v\000i\000l\000e\000g\000i\000o\000\040\000r\000e\000v\000e\000l\000a\000d\000o\000\040\000y\000\040\000f\000i\000d\000e\000l\000i\000d\000a\000d\000\040\000d\000i\000v\000i\000n\000a}{section*.35}% 90
\BOOKMARK [3][-]{subsubsection*.91}{\376\377\000R\000o\000m\000a\000n\000o\000s\000\040\0003\000:\0001}{subsection*.90}% 91
\BOOKMARK [3][-]{subsubsection*.92}{\376\377\000R\000o\000m\000a\000n\000o\000s\000\040\0003\000:\0002}{subsection*.90}% 92
\BOOKMARK [3][-]{subsubsection*.93}{\376\377\000R\000o\000m\000a\000n\000o\000s\000\040\0003\000:\0003}{subsection*.90}% 93
\BOOKMARK [3][-]{subsubsection*.94}{\376\377\000R\000o\000m\000a\000n\000o\000s\000\040\0003\000:\0004}{subsection*.90}% 94
\BOOKMARK [2][-]{subsection*.95}{\376\377\000R\000o\000m\000a\000n\000o\000s\000\040\0003\000:\0005\000-\0008\000\040\000L\000a\000\040\000j\000u\000s\000t\000i\000c\000i\000a\000\040\000d\000e\000\040\000D\000i\000o\000s\000\040\000a\000n\000t\000e\000\040\000l\000a\000\040\000a\000c\000u\000s\000a\000c\000i\000\363\000n\000\040\000h\000u\000m\000a\000n\000a}{section*.35}% 95
\BOOKMARK [3][-]{subsubsection*.96}{\376\377\000R\000o\000m\000a\000n\000o\000s\000\040\0003\000:\0005}{subsection*.95}% 96
\BOOKMARK [3][-]{subsubsection*.97}{\376\377\000R\000o\000m\000a\000n\000o\000s\000\040\0003\000:\0006}{subsection*.95}% 97
\BOOKMARK [3][-]{subsubsection*.98}{\376\377\000R\000o\000m\000a\000n\000o\000s\000\040\0003\000:\0007}{subsection*.95}% 98
\BOOKMARK [3][-]{subsubsection*.99}{\376\377\000R\000o\000m\000a\000n\000o\000s\000\040\0003\000:\0008}{subsection*.95}% 99
\BOOKMARK [2][-]{subsection*.100}{\376\377\000R\000o\000m\000a\000n\000o\000s\000\040\0003\000:\0009\040\023\0001\0008\000\040\000L\000a\000\040\000c\000o\000n\000d\000i\000c\000i\000\363\000n\000\040\000u\000n\000i\000v\000e\000r\000s\000a\000l\000\040\000b\000a\000j\000o\000\040\000p\000e\000c\000a\000d\000o}{section*.35}% 100
\BOOKMARK [3][-]{subsubsection*.101}{\376\377\000R\000o\000m\000a\000n\000o\000s\000\040\0003\000:\0009}{subsection*.100}% 101
\BOOKMARK [3][-]{subsubsection*.102}{\376\377\000R\000o\000m\000a\000n\000o\000s\000\040\0003\000:\0001\0000}{subsection*.100}% 102
\BOOKMARK [2][-]{subsection*.103}{\376\377\000R\000o\000m\000a\000n\000o\000s\000\040\0003\000:\0001\0001\040\023\0001\0008\000\040\000L\000a\000\040\000c\000o\000n\000d\000i\000c\000i\000\363\000n\000\040\000m\000o\000r\000a\000l\000\040\000d\000e\000l\000\040\000h\000o\000m\000b\000r\000e}{section*.35}% 103
\BOOKMARK [3][-]{subsubsection*.104}{\376\377\000R\000o\000m\000a\000n\000o\000s\000\040\0003\000:\0001\0001}{subsection*.103}% 104
\BOOKMARK [3][-]{subsubsection*.105}{\376\377\000R\000o\000m\000a\000n\000o\000s\000\040\0003\000:\0001\0002}{subsection*.103}% 105
\BOOKMARK [3][-]{subsubsection*.106}{\376\377\000R\000o\000m\000a\000n\000o\000s\000\040\0003\000:\0001\0003}{subsection*.103}% 106
\BOOKMARK [3][-]{subsubsection*.107}{\376\377\000R\000o\000m\000a\000n\000o\000s\000\040\0003\000:\0001\0004}{subsection*.103}% 107
\BOOKMARK [3][-]{subsubsection*.108}{\376\377\000R\000o\000m\000a\000n\000o\000s\000\040\0003\000:\0001\0005}{subsection*.103}% 108
\BOOKMARK [3][-]{subsubsection*.109}{\376\377\000R\000o\000m\000a\000n\000o\000s\000\040\0003\000:\0001\0006}{subsection*.103}% 109
\BOOKMARK [3][-]{subsubsection*.110}{\376\377\000R\000o\000m\000a\000n\000o\000s\000\040\0003\000:\0001\0007}{subsection*.103}% 110
\BOOKMARK [3][-]{subsubsection*.111}{\376\377\000R\000o\000m\000a\000n\000o\000s\000\040\0003\000:\0001\0008}{subsection*.103}% 111
\BOOKMARK [2][-]{subsection*.112}{\376\377\000R\000o\000m\000a\000n\000o\000s\000\040\0003\000:\0001\0009\040\023\0002\0000\000\040\000L\000a\000\040\000l\000e\000y\000\040\000c\000i\000e\000r\000r\000a\000\040\000t\000o\000d\000a\000\040\000b\000o\000c\000a}{section*.35}% 112
\BOOKMARK [3][-]{subsubsection*.113}{\376\377\000R\000o\000m\000a\000n\000o\000s\000\040\0003\000:\0001\0009}{subsection*.112}% 113
\BOOKMARK [3][-]{subsubsection*.114}{\376\377\000R\000o\000m\000a\000n\000o\000s\000\040\0003\000:\0002\0000}{subsection*.112}% 114
\BOOKMARK [1][-]{section*.115}{\376\377\000R\000O\000M\000A\000N\000O\000S\000\040\0003\000:\0002\0001\040\023\0004\000:\0002\0005\000\040\040\023\000\040\000L\000a\000\040\000j\000u\000s\000t\000i\000c\000i\000a\000\040\000r\000e\000v\000e\000l\000a\000d\000a\000\040\000y\000\040\000c\000o\000n\000f\000i\000r\000m\000a\000d\000a}{}% 115
\BOOKMARK [2][-]{subsection*.116}{\376\377\000R\000o\000m\000a\000n\000o\000s\000\040\0003\000:\0002\0001\040\023\0002\0006\000\040\000L\000a\000\040\000j\000u\000s\000t\000i\000c\000i\000a\000\040\000r\000e\000v\000e\000l\000a\000d\000a\000\040\000p\000o\000r\000\040\000m\000e\000d\000i\000o\000\040\000d\000e\000\040\000l\000a\000\040\000f\000e}{section*.115}% 116
\BOOKMARK [3][-]{subsubsection*.117}{\376\377\000R\000o\000m\000a\000n\000o\000s\000\040\0003\000:\0002\0001}{subsection*.116}% 117
\BOOKMARK [3][-]{subsubsection*.118}{\376\377\000R\000o\000m\000a\000n\000o\000s\000\040\0003\000:\0002\0002}{subsection*.116}% 118
\BOOKMARK [3][-]{subsubsection*.119}{\376\377\000R\000o\000m\000a\000n\000o\000s\000\040\0003\000:\0002\0003}{subsection*.116}% 119
\BOOKMARK [3][-]{subsubsection*.120}{\376\377\000R\000o\000m\000a\000n\000o\000s\000\040\0003\000:\0002\0004}{subsection*.116}% 120
\BOOKMARK [3][-]{subsubsection*.121}{\376\377\000R\000o\000m\000a\000n\000o\000s\000\040\0003\000:\0002\0005}{subsection*.116}% 121
\BOOKMARK [3][-]{subsubsection*.122}{\376\377\000R\000o\000m\000a\000n\000o\000s\000\040\0003\000:\0002\0006}{subsection*.116}% 122
\BOOKMARK [2][-]{subsection*.123}{\376\377\000R\000o\000m\000a\000n\000o\000s\000\040\0003\000:\0002\0007\040\023\0003\0001\000\040\000L\000a\000\040\000j\000a\000c\000t\000a\000n\000c\000i\000a\000\040\000e\000x\000c\000l\000u\000i\000d\000a\000\040\000y\000\040\000l\000a\000\040\000l\000e\000y\000\040\000c\000o\000n\000f\000i\000r\000m\000a\000d\000a}{section*.115}% 123
\BOOKMARK [3][-]{subsubsection*.124}{\376\377\000R\000o\000m\000a\000n\000o\000s\000\040\0003\000:\0002\0007}{subsection*.123}% 124
\BOOKMARK [3][-]{subsubsection*.125}{\376\377\000R\000o\000m\000a\000n\000o\000s\000\040\0003\000:\0002\0008}{subsection*.123}% 125
\BOOKMARK [3][-]{subsubsection*.126}{\376\377\000R\000o\000m\000a\000n\000o\000s\000\040\0003\000:\0002\0009}{subsection*.123}% 126
\BOOKMARK [3][-]{subsubsection*.127}{\376\377\000R\000o\000m\000a\000n\000o\000s\000\040\0003\000:\0003\0000}{subsection*.123}% 127
\BOOKMARK [3][-]{subsubsection*.128}{\376\377\000R\000o\000m\000a\000n\000o\000s\000\040\0003\000:\0003\0001}{subsection*.123}% 128
\BOOKMARK [2][-]{subsection*.129}{\376\377\000R\000o\000m\000a\000n\000o\000s\000\040\0004\000:\0001\040\023\0008\000\040\000A\000b\000r\000a\000h\000a\000m\000\040\000y\000\040\000D\000a\000v\000i\000d\000:\000\040\000j\000u\000s\000t\000i\000f\000i\000c\000a\000c\000i\000\363\000n\000\040\000s\000i\000n\000\040\000o\000b\000r\000a\000s}{section*.115}% 129
\BOOKMARK [3][-]{subsubsection*.130}{\376\377\000R\000o\000m\000a\000n\000o\000s\000\040\0004\000:\0001}{subsection*.129}% 130
\BOOKMARK [3][-]{subsubsection*.131}{\376\377\000R\000o\000m\000a\000n\000o\000s\000\040\0004\000:\0002}{subsection*.129}% 131
\BOOKMARK [3][-]{subsubsection*.132}{\376\377\000R\000o\000m\000a\000n\000o\000s\000\040\0004\000:\0003}{subsection*.129}% 132
\BOOKMARK [2][-]{subsection*.133}{\376\377\000R\000o\000m\000a\000n\000o\000s\000\040\0004\000:\0004\040\023\0005\000\040\000D\000o\000s\000\040\000p\000r\000i\000n\000c\000i\000p\000i\000o\000s\000\040\000o\000p\000u\000e\000s\000t\000o\000s\000:\000\040\000s\000a\000l\000a\000r\000i\000o\000\040\000o\000\040\000g\000r\000a\000c\000i\000a}{section*.115}% 133
\BOOKMARK [3][-]{subsubsection*.134}{\376\377\000R\000o\000m\000a\000n\000o\000s\000\040\0004\000:\0004}{subsection*.133}% 134
\BOOKMARK [3][-]{subsubsection*.135}{\376\377\000R\000o\000m\000a\000n\000o\000s\000\040\0004\000:\0005}{subsection*.133}% 135
\BOOKMARK [3][-]{subsubsection*.136}{\376\377\000R\000o\000m\000a\000n\000o\000s\000\040\0004\000:\0006}{subsection*.133}% 136
\BOOKMARK [3][-]{subsubsection*.137}{\376\377\000R\000o\000m\000a\000n\000o\000s\000\040\0004\000:\0007}{subsection*.133}% 137
\BOOKMARK [3][-]{subsubsection*.138}{\376\377\000R\000o\000m\000a\000n\000o\000s\000\040\0004\000:\0008}{subsection*.133}% 138
\BOOKMARK [2][-]{subsection*.139}{\376\377\000R\000o\000m\000a\000n\000o\000s\000\040\0004\000:\0009\040\023\0001\0002\000\040\000J\000u\000s\000t\000i\000f\000i\000c\000a\000c\000i\000\363\000n\000\040\000a\000n\000t\000e\000s\000\040\000d\000e\000\040\000l\000a\000\040\000c\000i\000r\000c\000u\000n\000c\000i\000s\000i\000\363\000n}{section*.115}% 139
\BOOKMARK [3][-]{subsubsection*.140}{\376\377\000R\000o\000m\000a\000n\000o\000s\000\040\0004\000:\0009}{subsection*.139}% 140
\BOOKMARK [3][-]{subsubsection*.141}{\376\377\000R\000o\000m\000a\000n\000o\000s\000\040\0004\000:\0001\0000}{subsection*.139}% 141
\BOOKMARK [3][-]{subsubsection*.142}{\376\377\000R\000o\000m\000a\000n\000o\000s\000\040\0004\000:\0001\0001}{subsection*.139}% 142
\BOOKMARK [3][-]{subsubsection*.143}{\376\377\000R\000o\000m\000a\000n\000o\000s\000\040\0004\000:\0001\0002}{subsection*.139}% 143
\BOOKMARK [2][-]{subsection*.144}{\376\377\000R\000o\000m\000a\000n\000o\000s\000\040\0004\000:\0001\0003\040\023\0001\0007\000\040\000L\000a\000\040\000p\000r\000o\000m\000e\000s\000a\000\040\000n\000o\000\040\000v\000i\000e\000n\000e\000\040\000p\000o\000r\000\040\000l\000a\000\040\000l\000e\000y}{section*.115}% 144
\BOOKMARK [3][-]{subsubsection*.145}{\376\377\000R\000o\000m\000a\000n\000o\000s\000\040\0004\000:\0001\0003}{subsection*.144}% 145
\BOOKMARK [3][-]{subsubsection*.146}{\376\377\000R\000o\000m\000a\000n\000o\000s\000\040\0004\000:\0001\0004}{subsection*.144}% 146
\BOOKMARK [3][-]{subsubsection*.147}{\376\377\000R\000o\000m\000a\000n\000o\000s\000\040\0004\000:\0001\0005}{subsection*.144}% 147
\BOOKMARK [3][-]{subsubsection*.148}{\376\377\000R\000o\000m\000a\000n\000o\000s\000\040\0004\000:\0001\0006}{subsection*.144}% 148
\BOOKMARK [3][-]{subsubsection*.149}{\376\377\000R\000o\000m\000a\000n\000o\000s\000\040\0004\000:\0001\0007}{subsection*.144}% 149
\BOOKMARK [2][-]{subsection*.150}{\376\377\000R\000o\000m\000a\000n\000o\000s\000\040\0004\000:\0001\0008\040\023\0002\0002\000\040\000L\000a\000\040\000f\000e\000\040\000c\000o\000n\000t\000a\000d\000a\000\040\000p\000o\000r\000\040\000j\000u\000s\000t\000i\000c\000i\000a}{section*.115}% 150
\BOOKMARK [3][-]{subsubsection*.151}{\376\377\000R\000o\000m\000a\000n\000o\000s\000\040\0004\000:\0001\0008}{subsection*.150}% 151
\BOOKMARK [3][-]{subsubsection*.152}{\376\377\000R\000o\000m\000a\000n\000o\000s\000\040\0004\000:\0001\0009}{subsection*.150}% 152
\BOOKMARK [3][-]{subsubsection*.153}{\376\377\000R\000o\000m\000a\000n\000o\000s\000\040\0004\000:\0002\0000}{subsection*.150}% 153
\BOOKMARK [3][-]{subsubsection*.154}{\376\377\000R\000o\000m\000a\000n\000o\000s\000\040\0004\000:\0002\0001}{subsection*.150}% 154
\BOOKMARK [3][-]{subsubsection*.155}{\376\377\000R\000o\000m\000a\000n\000o\000s\000\040\0004\000:\0002\0002}{subsection*.150}% 155
\BOOKMARK [3][-]{subsubsection*.156}{\376\377\000R\000o\000m\000a\000n\000o\000s\000\040\0004\000:\0002\0003}{subsection*.150}% 156
\BOOKMARK [3][-]{subsubsection*.157}{\376\377\000R\000o\000m\000a\000n\000o\000s\000\040\0004\000:\0002\0004}{subsection*.150}% 157
\BOOKMARK [3][-]{subsubsection*.158}{\376\377\000R\000o\000m\000a\000n\000o\000s\000\040\0004\000:\0002\0005}{subsection*.150}% 158
\BOOKMARK [1][-]{section*.159}{\376\377\000R\000o\000m\000a\000n\000o\000s\000\040\0005\000:\0001\000-\0008\000:\0003\0009\000\040\000-\000\040\000L\000a\000\040\000n\000u\000e\000v\000a\000\040\000r\000e\000a\000l\000i\000d\000a\000d\000\040\000y\000\040\000s\000u\000s\000\040\000i\000m\000p\000l\000i\000c\000a\000c\000i\000o\000n\000e\000s}{}% 159
\BOOKMARK [2][-]{subsection*.160}{\376\377\000R\000o\000m\000a\000n\000o\000s\000\040\0005\000:\0001\040\023\0005\000\040\000L\000o\000s\000\040\000r\000e\000s\000u\000l\000t\000a\000d\000o\000s\000\040\000i\000n\000m\000e\000d\000i\000a\000t\000o\000s\000\040\000d\000e\000\040\000l\000a\000\040\000j\000u\000s\000t\000i\000f\000i\000c\000a\000c\000i\000\363\000n}{section*.159}% 160
\BOOKMARK [3][-]{subsubsection*.161}{\376\377\000R\000o\000m\000a\000n\000o\000s\000\040\0005\000:\0001}{subsection*.160}% 161
\BOOKMARK [3][-]{subsubsection*.162}{\376\377\000R\000o\000m\000a\000n\000o\000s\000\040\0005\000:\0002}{subsection*.160}% 162
\BOOKMARK [3][-]{subsubsection*.163}{\376\377\000R\000o\000m\000a\000n\000o\000s\000\040\0005\000:\0003}{subsection*.160}% 163
\BOOKMARK [3][-]{subsubsection*.164}{\376\377\000R\000o\000m\000a\000n\000o\000s\000\040\0005\000:\0004}{subsection*.160}% 164
\BOOKMARK [3][-]{subsubsection*.165}{\376\377\000R\000o\000m\000a\000n\000o\000s\000\040\0005\000:\0005}{subsection*.160}% 165
\BOOKMARK [2][-]{subsection*.166}{\376\377\000R\000o\000m\000a\000n\000o\000s\000\040\0005\000:\0006\040\023\0001\0001\000\040\000R\000e\000c\000o\000n\000c\000i\000l\000i\000a\000d\000o\000s\000\040\000p\000o\000r\000\040\000l\000a\000\040\000m\000u\000e\000r\000t\000e\000\040\000d\000e\000l\000\040\000H\000i\000j\000o}{section*.159}% 166
\BOOKMARK [3][-]{subsubsection*.167}{\376\377\000R\000o\000m\000a\000n\000o\000s\000\040\0005\000:\0006}{subsection*.166}% 167
\BOOKMARK [3][-]{subsubsection*.168}{\376\377\000R\000o\000m\000a\000n\000o\000s\000\040\0005\000:\0007}{subsection*.166}% 168
\BOOKMARK [3][-]{subsubsection*.169}{\376\377\000R\000o\000m\000a\000n\000o\000s\000\040\0005\000:\0008}{subsection*.166}% 169
\BOOKMARK [3][-]{subsubsection*.170}{\376\377\000R\000o\000m\000a\000n\000o\000s\000\040\0005\000:\0009}{subsection*.166}% 170
\BOOKMARK [3][-]{subsubsection*.171}{\376\377\000R\000o\000m\000a\000n\000o\000s\000\040\0005\000:\0001\0000}{subsection*.166}% 171
\BOOKMARK [3][-]{subsubsection*.172}{\376\377\000R\000o\000m\000a\000n\000o\000s\000\040\0005\000:\0001\0001}{subsection*.166}% 172
\BOOKMARK [2][-]{subsection*.173}{\376\377\000R\000o\000m\000a\000n\000o\000s\000\040\0005\000:\0001\0002\040\023\0001\0004\000\040\000E\000l\000\040\000p\000e\000c\000a\000d\000o\000\040\000y\000\040\000l\000a\000\040\000m\000u\000e\000r\000t\000e\000\040\000e\000n\000t\000r\000a\000r\000o\000n\000\040\000p\000o\000r\000\040\000u\000n\000\040\000h\000o\000m\000b\000r\000e}{section*.159}% 173
\BOOKMARK [3][-]{subsubsection*.174}{\376\377\000R\000o\000m\000a\000n\000o\000s\000\040\0005\000:\0001\0002}{subsection*.173}% 174
\BOOKMARK [3][-]{subsubsection*.175}{\376\377\000R\000o\000m\000a\000n\000o\000s\000\040\0005\000:\0001\0003}{subsection*.173}% 175
\BOOKMARK [3][-]{subsubsection*.176}{\376\377\000R\000o\000m\000a\000n\000o\000s\000\040\0005\000:\0001\0004}{subsection*.173}% 176
\BOOKMARK [2][-]{subsection*.177}{\376\377\000R\000o\000m\000a\000n\000o\000s\000\040\0005\000:\0001\0005\040\023\0001\0007\000\040\000E\000l\000\040\000d\000o\000n\000\040\000s\000u\000p\000e\000r\000a\000\040\000l\000a\000\040\000t\000r\000a\000n\000s\000g\000r\000e\000s\000i\000\363\000n}{section*.159}% 177
\BOOKMARK [3][-]{subsubsection*.178}{\376\377\000R\000o\000m\000a\000n\000o\000s\000\040\0005\000:\0001\0005}{subsection*.177}% 178
\BOOKMARK [3][-]{subsubsection*.179}{\376\377\000R\000o\000m\000a\000n\000o\000s\000\040\0005\000:\0001\0006}{subsection*.177}% 179
\BOOKMARK [3][-]{subsubsection*.180}{\376\377\000R\000o\000m\000a\000n\000o\000s\000\040\0005\000:\0001\0007}{subsection*.177}% 180
\BOOKMARK [2][-]{subsection*.181}{\376\377\000R\000o\000m\000a\000n\000o\000s\000\040\0005\000:\0001\0008\040\023\0002\0001\000\040\000L\000a\000\040\000g\000r\000a\000c\000i\000a\000\040\000r\000e\000i\000n\000a\000\040\000p\000o\000r\000\040\000m\000e\000d\000i\000o\000\040\000d\000e\000\040\000l\000a\000\040\000j\000u\000s\000t\000i\000c\000i\000a}{section*.159}% 181
\BOOKMARK [3][-]{subsubsection*.182}{\376\377\000R\000o\000m\000a\000n\000o\000s\000\040\0005\000:\0001\0008}{subsection*.181}% 182
\BOOKMARK [3][-]{subsubsection*.183}{\376\377\000R\000o\000m\000a\000n\000o\000s\000\040\0005\000:\0001\0009}{subsection*.181}% 183
\BOOKMARK [3][-]{subsubsection*.184}{\376\377\000R\000o\000m\000a\000n\000o\000s\000\040\0005\000:\0002\0000}{subsection*.181}% 184
\BOOKMARK [3][-]{subsubsection*.185}{\376\377\000R\000o\000m\000a\000n\000o\000s\000\040\0005\000:\0002\0001}{subsection*.181}% 185
\BOOKMARK [2][-]{subsection*.186}{\376\377\000R\000o\000m\000a\000n\000o\000s\000\040\0006\000:\0001\040\023\0002\000\040\000\277\000P\000e\000r\000s\000e\000v\000e\000r\000a\000r\000e\000m\000o\000s\000\040\000e\000n\000\040\000e\000l\000\040\000p\000e\000c\000a\000d\000o\000?}{section*.159}% 186
\BOOKMARK [3][-]{subsubsection*.187}{\376\377\000R\000o\000m\000a\000n\000o\000s\000\040\0006\000:\0001}{subsection*.186}% 187
\BOOKMARK [3][-]{subsubsection*.188}{\376\377\000R\000o\000m\000a\000n\000o\000s\000\040\0006\000:\0002}{subsection*.186}% 188
\BOOKMARK [2][-]{subsection*.189}{\376\377\000R\000o\000m\000a\000n\000o\000s\000\040\0006\000:\0003\040\023\0007\000\040\000m\000u\000e\000r\000t\000o\000s\000\040\000a\000l\000\040\000p\000e\000c\000a\000d\000o\000,\000\040\000u\000n\000i\000d\000o\000s\000\040\000a\000\040\000C\000r\000i\000s\000t\000o}{section*.159}% 189
\BOOKMARK [3][-]{subsubsection*.190}{\376\377\000R\000o\000m\000a\000n\000o\000s\000\040\0006\000:\0003}{subsection*.189}% 190
\BOOKMARK [3][-]{subsubsection*.191}{\376\377\000R\000o\000m\000a\000n\000o\000s\000\040\0006\000:\0004}{subsection*.189}% 191
\BOOKMARK [3][-]{subsubsection*.192}{\376\377\000R\000o\000m\000a\000n\000o\000s\000\040\0006\000:\0005}{subsection*.189}% 192
\BOOKMARK [3][-]{subsubsection*.193}{\376\377\000R\000o\000m\000a\000n\000o\000s\000\040\0006\000:\0006}{subsection*.189}% 193
\BOOKMARK [3][-]{subsubsection*.194}{\376\377\000R\000o\000m\000a\000n\000o\000s\000\040\0006\000:\0007}{subsection*.189}% 194
\BOOKMARK [2][-]{subsection*.195}{\376\377\000R\000o\000m\000a\000n\000o\000s\000\040\0006\000:\0008\000-\0001\0000\000\040\000V\000i\000v\000o\000s\000\040\000p\000a\000r\000a\000\040\000D\000i\000o\000s\000,\000\040\000y\000a\000\040\000n\000o\000\040\000b\000a\000j\000o\000\040\000e\000l\000\040\000d\000o\000m\000i\000n\000i\000o\000\040\000d\000e\000l\000\040\000p\000e\000c\000a\000d\000o}{section*.159}% 195
\BOOKMARK [3][-]{subsubsection*.196}{\376\377\000R\000o\000m\000a\000n\000o\000s\000\040\0006\000:\0008}{subsection*.195}% 196
\BOOKMARK [3][-]{subsubsection*.197}{\376\377\000R\000o\000m\000a\000n\000o\000s\000\040\0006\000:\0009}{subsection*.195}% 197
\BOOKMARK [3][-]{subsubsection*.198}{\376\377\000R\000o\000m\000a\000n\000o\000s\000\040\0006\000:\0001\0000}{subsection*.195}% 198
\BOOKMARK [2][-]{subsection*.199}{\376\377\000R\000o\000m\000a\000n\000o\000s\000\040\0006\000:\0001\0001\040\023\0001\0004\000\040\000C\000o\000n\000s\000i\000d\000e\000r\000a\000r\000s\000e\000\040\000m\000u\000e\000r\000t\000o\000s\000\040\000a\000l\000\040\000p\000e\000c\000a\000d\000o\000\040\000y\000\040\000v\000i\000v\000o\000s\000\040\000p\000a\000r\000a\000\040\000D\000i\000o\000s}{section*.159}% 199
\BOOKMARK [3][-]{subsubsection*.200}{\376\377\000R\000o\000m\000a\000n\000o\000s\000\040\0006\000:\0001\0001}{subsection*.199}% 200
\BOOKMARK [3][-]{subsubsection*.201}{\376\377\000R\000o\000m\000a\000n\000o\000s\000\040\0006\000:\0001\0002}{subsection*.199}% 201
\BOOKMARK [3][-]{subsubsection*.202}{\376\377\000R\000o\000m\000a\000n\000o\000s\000\040\0006\000:\0001\0003}{subsection*.199}% 202
\BOOKMARK [3][-]{subsubsection*.203}{\376\377\000R\000o\000m\000a\000n\000o\000s\000\040\0006\000:\0001\0004}{subsection*.199}% 203
\BOOKMARK [2][-]{subsection*.204}{\376\377\000R\000o\000m\000a\000n\000o\000s\000\040\0006\000:\0001\0005\040\023\0001\0009\000\040\000\277\000P\000e\000c\000a\000r\000e\000m\000o\000s\000\040\000p\000o\000r\000q\000u\000e\000\040\000n\000o\000\040\000e\000s\000t\000a\000m\000o\000s\000\040\000b\000a\000j\000o\000\040\000l\000a\000\040\000l\000e\000y\000?}{section*.159}% 204
\BOOKMARK [3][-]{subsubsection*.205}{\376\377\000R\000o\000m\000a\000n\000o\000s\000\040\0006\000:\0001\0005}{subsection*.204}% 205
\BOOKMARK [3][-]{subsubsection*.206}{\376\377\000R\000o\000m\000a\000n\000o\000s\000\040\0006\000:\0001\0006}{subsection*.204}% 206
\BOOKMARK [3][-]{subsubsection*.207}{\376\377\000R\000o\000m\000a\000n\000o\000s\000\040\0006\000:\0001\0007}{subsection*.204}% 207
\BOOKMARK [3][-]{subsubsection*.208}{\376\377\000R\000o\000m\000a\000n\000o\000s\000\040\0006\000:\0001\0008}{subsection*.204}% 208
\BOOKMARK [3][-]{subsubsection*.209}{\376\377\000R\000o\000m\000a\000n\000o\000s\000\040\0006\000:\0001\0009}{subsection*.204}% 209
\BOOKMARK [2][-]{subsection*.210}{\376\377\000R\000o\000m\000a\000n\000o\000s\000\040\0006\000:\0002\0000\040\023\0002\0003\000\040\000L\000a\000\040\000p\000a\000g\000a\000\040\000d\000e\000l\000\040\000p\000e\000c\000a\000d\000o\000\040\000y\000\040\000e\000l\000\040\000d\000o\000n\000\040\000d\000e\000\040\000D\000i\000o\000s}{section*.159}% 210
\BOOKMARK [3][-]{subsubsection*.211}{\376\377\000R\000o\000m\000a\000n\000o\000s\000\040\0006\000:\0002\0000}{subsection*.210}% 211
\BOOKMARK [3][-]{subsubsection*.212}{\376\377\000R\000o\000m\000a\000n\000o\000s\000\040\0006\000:\0002\0001}{subsection*.210}% 212
\BOOKMARK [3][-]{subsubsection*.213}{\376\377\000R\000o\000m\000a\000n\000o\000s\000\040\0006\000:\0002\0002}{subsection*.210}% 213
\BOOKMARK [3][-]{subsubsection*.214}{\376\377\000R\000o\000m\000a\000n\000o\000s\000\040\0006\000:\0002\0003}{subsection*.210}% 214
\BOOKMARK [2][-]{subsection*.215}{\376\377\000R\000o\000m\000a\000n\000o\000s\000\040\0007\000:\0001\040\023\0003\000\040\000U\000n\000\040\000e\000j\000e\000m\000p\000l\000o\000:\000\040\000e\000l\000\040\000m\000a\000t\000r\000i\000m\000o\000n\000i\000o\000\040\000y\000\040\000l\000a\000\040\000m\000u\000e\000r\000t\000e}{section*.159}% 215
\BOOKMARK [3][-]{subsubsection*.216}{\376\377\000R\000o\000m\000a\000n\000o\000s\000\040\0007\000:\0001}{subsection*.215}% 216
\BOOKMARK [3][-]{subsubsection*.217}{\376\377\000R\000o\000m\000a\000n\000o\000s\000\040\0007\000:\0002}{subsection*.215}% 217
\BOOKMARK [3][-]{subsubsection*.218}{\376\377\000R\000o\000m\000a\000n\000o\000s\000\040\0007\000:\0003}{subsection*.215}% 218
\BOOKMARK [2][-]{subsection*.219}{\376\377\000R\000o\000m\000a\000n\000o\000s\000\040\0007\000:\0004\000-\0007\000\040\000-\000\040\000M\000u\000e\000r\000t\000o\000s\000\040\000a\000\040\000l\000a\000\040\000l\000e\000y\000\040\000p\000a\000r\000a\000\040\000p\000e\000r\000t\000e\000n\000e\000c\000e\000r\000\040\000a\000\040\000C\000r\000i\000s\000t\000o}{section*.159}% 219
\BOOKMARK [3][-]{subsubsection*.220}{\376\377\000R\000o\000m\000a\000n\000o\000s\000\040\0007\000:\0004}{subsection*.219}% 220
\BOOKMARK [3][-]{subsubsection*.221}{\376\377\000R\000o\000m\000a\000n\000o\000s\000\040\0007\000:\0005}{subsection*.219}% 221
\BOOKMARK [3][-]{subsubsection*.222}{\376\377\000R\000o\000m\000a\000n\000o\000s\000\040\0007\000:\0006}{subsection*.219}% 222
\BOOKMARK [2][-]{subsection*.223}{\376\377\000R\000o\000m\000a\000n\000o\000s\000\040\0007\000:\0007\000-\0001\0002\000\040\000L\000a\000\040\000L\000e\000y\000\040\000n\000o\000\040\000e\000s\000\040\000p\000e\000c\000a\000d\000o\000,\000\040\000l\000o\000\040\000r\000e\000v\000e\000l\000a}{section*.159}% 223
\BOOKMARK [3][-]{subsubsection*.224}{\376\377\000R\000o\000m\000a\000n\000o\000s\000\040\0007\000:\0007}{subsection*.223}% 224
\BOOKMARK [3][-]{subsubsection*.225}{\376\377\000R\000o\000m\000a\000n\000o\000s\000\040\0007\000:\0008}{subsection*.223}% 225
\BOOKMARK [3][-]{subsubsection*.226}{\376\377\000R\000o\000m\000a\000n\000o\000s\000\040\0007\000:\0009}{subsection*.223}% 226
\BOOKMARK [3][-]{subsubsection*.227}{\376\377\000R\000o\000m\000a\000n\000o\000s\000\040\0007\000:\0001\0000}{subsection*.223}% 227
\BOOKMARK [3][-]{subsubsection*.228}{\376\377\000R\000o\000m\000a\000n\000o\000s\000\040\0007\000:\0001\0001}{subsection*.223}% 228
\BOOKMARK [3][-]{subsubsection*.229}{\376\377\000R\000o\000m\000a\000n\000o\000s\000\040\0007\000:\0001\0002}{subsection*.223}% 229
\BOOKMARK [2][-]{subsection*.230}{\376\377\000R\000o\000m\000a\000n\000o\000s\000\040\0007\000:\0001\0003\000-\0002\0000\000\040\000E\000l\000\040\000p\000e\000c\000a\000d\000o\000\040\000q\000u\000e\000\040\000h\000a\000b\000i\000t\000a\000\040\000e\000n\000\040\000m\000i}{section*.159}% 230
\BOOKMARK [3][-]{subsubsection*.231}{\376\377\000R\000o\000m\000a\000n\000o\000s\000\040\0007\000:\0001\0003}{subsection*.230}% 231
\BOOKMARK [3][-]{subsubsection*.232}{\376\377\000R\000o\000m\000a\000n\000o\000s\000\040\0007\000:\0001\0004}{subsection*.230}% 232
\BOOKMARK [3][-]{subsubsection*.233}{\376\377\000R\000o\000m\000a\000n\000o\000s\000\040\0007\000:\0001\0005}{subsection*.230}% 233
\BOOKMARK [3][-]{subsubsection*.234}{\376\377\000R\000o\000m\000a\000n\000o\000s\000\040\0007\000:\0001\0006}{subsection*.230}% 234
\BOOKMARK [3][-]{subsubsection*.235}{\376\377\000R\000o\000m\000a\000n\000o\000s\000\040\0007\000:\0001\0007}{subsection*.230}% 235
\BOOKMARK [3][-]{subsubsection*.236}{\376\377\000R\000o\000m\000a\000n\000o\000s\000\040\0007\000:\0001\0008}{subsection*.230}% 236
\BOOKMARK [3][-]{subsubsection*.237}{\376\377\000R\000o\000m\000a\000n\000o\000s\000\040\0007\000:\0001\0009}{subsection*.230}% 237
\BOOKMARK [3][-]{subsubsection*.238}{\376\377\000R\000o\000m\000a\000n\000o\000s\000\040\0007\000:\0002\0000}{subsection*.230}% 238
\BOOKMARK [2][-]{subsection*.239}{\376\377\000R\000o\000m\000a\000n\000o\000s\000\040\0007\000:\0002\0001\000-\0002\0003\000\040\000L\000a\000\040\000l\000e\000y\000\040\000d\000e\000l\000\040\000p\000e\000c\000a\000d\000o\000\040\000q\000u\000e\000\040\000m\000e\000\040\000l\000l\000e\000v\000a\000\040\000c\000a\000u\000t\000i\000v\000o}{section*.159}% 239
\BOOKMARK [3][-]{subsubsection*.240}{\376\377\000R\000o\000m\000a\000n\000o\000s\000\040\0007\000:\0002\0001}{subsection*.239}% 240
\BOOKMARK [3][-]{subsubsection*.241}{\376\377\000R\000o\000m\000a\000n\000o\000s\000\040\0007\000:\0002\0002}{subsection*.239}% 241
\BOOKMARK [3][-]{subsubsection*.242}{\376\377\000R\000o\000m\000a\000n\000o\000s\000\040\0007\000:\0002\0003}{subsection*.239}% 242
\BOOKMARK [2][-]{subsection*.243}{\376\377\000R\000o\000m\000a\000n\000o\000s\000\040\0007\000:\0002\0004\000-\0002\0005\000\040\000\277\000Q\000u\000i\000\351\000n\000\040\000m\000e\000\040\000l\000i\000b\000r\000a\000r\000\341\000?}{section*.159}% 243
\BOOKMARK [3][-]{subsubsection*.244}{\376\377\000R\000o\000m\000a\000n\000o\000s\000\040\0007\000:\0002\0004}{subsection*.243}% 244
\BOOKMARK [3][-]{subsubsection*.245}{\376\377\000R\000o\000m\000a\000n\000o\000s\000\040\0007\000:\0002\0005}{subsection*.243}% 245
\BOOKMARK [2][-]{subsection*.246}{\376\377\000R\000o\000m\000a\000n\000o\000s\000\040\0008\000:\0001\000-\0004\000:\000\040\000N\000i\000n\000g\000u\000n\000a\000\040\000c\000o\000n\000d\000e\000n\000a\000c\000i\000\363\000n\000\040\000e\000n\000\040\000C\000r\000i\000s\000t\000o\000\040\000J\000e\000s\000\372\000s}{section*.159}% 246
\BOOKMARK [3][-]{subsubsection*.247}{\376\377\000R\000o\000m\000a\000n\000o\000s\000\040\0008\000:\0001}{subsection*.246}% 247
\BOOKMARK [3][-]{subsubsection*.248}{\376\377\000R\000o\000m\000a\000n\000o\000s\000\040\0008\000:\0002}{subsection*.246}% 248
\BOOKMARK [3][-]{subsubsection*.249}{\376\377\000R\000o\000m\000a\000n\000o\000s\000\040\0008\000:\0003}{subsection*.246}% 249
\BOOKMARK [3][-]{subsubsection*.250}{\376\377\000R\000o\000m\000a\000n\000o\000s\000\040\0008\000:\0004}{subsection*.246}% 250
\BOOKMARK [2][-]{subsection*.251}{\376\377\000R\000o\000m\000a\000n\000o\000s\000\040\0008\000:\0005\000-\0001\0001\000\040\000V\000i\000v\000i\000r\000\040\000s\000e\000g\000\372\000n\000\040\000l\000a\000\040\000c\000a\000r\000n\000e\000\040\000o\000\040\000s\000e\000g\000\372\000n\000\040\000e\000l\000\040\000E\000s\000p\000\355\000r\000i\000t\000u}{section*.159}% 251
\BOOKMARK [3][-]{subsubsection*.252}{\376\377\000R\000o\000m\000a\000n\000o\000s\000\040\0008\000:\0005}{subsection*.251}% 252
\BOOKMARK [3][-]{subsubsection*.253}{\376\377\000R\000o\000m\000a\000n\000o\000s\000\040\0008\000:\0006}{subsection*.251}% 253
\BOOKMARK [3][-]{subsubsection*.254}{\376\377\000R\000o\000m\000a\000n\000o\000s\000\040\0008\000:\0007}{subsection*.251}% 254
\BOOKMARK [3][-]{subsubsection*.255}{\376\377\000R\000o\000m\000a\000n\000o\000s\000\040\0008\000:\0008}{subsection*.251}% 255
\BOOKMARK [3][-]{subsubsection*.256}{\376\377\000R\000o\000m\000a\000n\000o\000s\000\040\0008\000:\0009}{subsection*.251}% 256
\BOOKMARK [3][-]{subsubsection*.257}{\376\377\000R\000o\000m\000a\000n\000o\000s\000\040\0008\000:\0001\0000}{subsection*.251}% 257
\BOOKMARK [3][-]{subsubsection*.258}{\376\377\000R\000o\000m\000a\000n\000o\000s\000\040\0008\000:\0001\0001}{subsection*.251}% 258
\BOOKMARK [2][-]{subsection*.259}{\376\377\000R\000o\000m\000a\000n\000o\000s\000\040\0008\000:\0001\0002\000-\0001\0007\000\040\000H\000i\000j\000o\000s\000\040\000d\000e\000\040\000D\000i\000o\000s\000\040\000y\000\040\000h\000e\000r\000e\000d\000e\000r\000o\000s\000\040\000c\000o\000n\000\040\000C\000r\000i\000s\000t\000o}{section*.159}% 259
\BOOKMARK [3][-]{subsubsection*.260}{\376\377\000R\000o\000m\000a\000n\000o\000s\000\040\0008\000:\0001\0002}{subsection*.259}% 260
\BOOKMARK [3][-]{subsubsection*.261}{\376\377\000R\000o\000m\000a\000n\000o\000s\000\040\0008\000:\0001\0003}{subsection*.259}% 261
\BOOKMARK [3][-]{subsubsection*.262}{\376\377\000R\000o\000m\000a\000n\000o\000s\000\040\0008\000:\0001\0004}{subsection*.259}% 262
\BOOKMARK [3][-]{subsubsection*.263}{\376\377\000R\000o\000m\000a\000n\000o\000s\000\040\0008\000:\0001\0005}{subsection*.259}% 263
\BOOKMARK [3][-]{subsubsection*.264}{\376\377\000R\000o\000m\000a\000n\000o\000s\000\040\0008\000:\0001\0006}{subsection*.259}% 264
\BOOKMARK [3][-]{subsubsection*.265}{\376\377\000R\000o\000m\000a\000n\000o\000s\000\040\0008\000:\0001\0007}{subsection*.259}% 265
\BOOKMARK [2][-]{subsection*.266}{\376\377\000R\000o\000m\000a\000n\000o\000s\000\040\0008\000:\0001\0008\000-\0002\0007\000:\000\040\000L\000a\000\040\000e\000s\000p\000e\000r\000a\000n\000z\000a\000\040\000e\000n\000\040\000m\000e\000d\000i\000o\000\040\000d\000e\000l\000\040\000s\000u\000f\000r\000i\000m\000i\000e\000n\000t\000o\000\040\000y\000\040\000l\000a\000\040\000d\000e\000b\000i\000l\000i\000d\000a\000d}{section*.159}% 266
\BOOKMARK [3][-]{subsubsection*.267}{\376\377\000R\000o\000m\000a\000n\000o\000s\000\040\0008\000:\0001\0008}{subsection*.266}% 267
\BOOKMARK [3][-]{subsubsection*.268}{\376\377\000R\000o\000m\000a\000n\000o\000s\000\040\0008\000:\0001\0009}{subsection*.266}% 268
\BOOKMARK [3][-]{subsubsection*.269}{\376\377\000R\000o\000m\000a\000n\000o\000s\000\040\0008\000:\0002\0000}{subsection*.266}% 269
\BOOKMARK [3][-]{subsubsection*.270}{\376\377\000R\000o\000m\000a\000n\000o\000s\000\040\0008\000:\0002\0001}{subsection*.266}% 270
\BOOKMARK [3][-]{subsubsection*.271}{\376\377\000R\000o\000m\000a\000n\000o\000s\000\040\0008\000:\0002\0002}{subsection*.266}% 271
\BOOKMARK [3][-]{subsubsection*.272}{\376\377\000R\000o\000m\000a\000n\000o\000s\000\040\0008\000:\0002\0003}{subsection*.266}% 272
\BOOKMARK [3][-]{subsubsection*.273}{\376\377\000R\000o\000m\000a\000n\000o\000s\000\040\0008\000:\0002\0004}{subsection*.266}% 273
\BOOKMARK [3][-]{subsubsection*.274}{\376\377\000R\000o\000m\000a\000n\000o\000s\000\040\0008\000:\0002\0005}{subsection*.266}% 274
\BOOKMARK [3][-]{subsubsection*.275}{\376\377\000R\000o\000m\000a\000n\000o\000s\000\040\0008\000:\0002\0006}{subsection*.266}% 275
\BOOKMARK [3][-]{subsubsection*.276}{\376\377\000R\000o\000m\000a\000n\000o\000s\000\040\0008\000:\0002\0007}{subsection*.266}% 276
\BOOKMARK [2][-]{subsection*.277}{\376\377\000R\000o\000m\000a\000n\000o\000s\000\040\0008\000:\0002\0008\000-\0003\0000\000\040\000L\000l\000a\000m\000a\000d\000o\000s\000\040\000c\000o\000n\000f\000o\000r\000m\000e\000\040\000a\000\040\000s\000u\000\040\000p\000r\000o\000p\000\363\000s\000i\000t\000o}{section*.159}% 277
\BOOKMARK [3][-]{subsubsection*.278}{\376\377\000R\000o\000m\000a\000n\000o\000s\000\040\0008\000:\0002\0008}{subsection*.277}% 278
\BOOKMARK [3][-]{subsubsection*.279}{\376\377\000R\000o\000m\000a\000n\000o\000s\000\040\0008\000:\0002\0009}{subsection*.277}% 279
\BOOKMARK [3][-]{subsubsection*.280}{\376\377\000R\000o\000m\000a\000n\000o\000s\000\040\0008\000:\0003\0000}{subsection*.277}% 280
\BOOKMARK [2][-]{subsection*.281}{\376\377\000R\000o\000m\000a\000n\000o\000s\000\040\0008\000:\0003\0001\000-\0003\0004\000\040\000\277\000Q\000u\000i\000\351\000n\000\040\000a\000c\000u\000s\000a\000r\000\341\000\040\000o\000\040\000c\000o\000n\000d\000e\000n\000a\000r\000\341\000?}{section*.159}% 281
\BOOKMARK [3][-]{subsubsection*.282}{\376\377\000R\000o\000m\000a\000n\000o\000s\000\040\0008\000:\0003\0001}{subsection*.281}% 282
\BOOKMARK [3][-]{subsubsection*.283}{\376\377\000R\000o\000m\000a\000n\000o\000s\000\040\0008\000:\0003\0002}{subsection*.281}% 283
\BOOKMARK [3][-]{subsubsection*.284}{\376\377\000R\000o\000m\000a\000n\000o\000s\000\040\0008\000:\0003\0003}{subsection*.281}% 284
\BOOKMARK [3][-]{subsubsection*.285}{\376\377\000R\000o\000m\000a\000n\000o\000s\000\040\0008\000:\0003\0004}{subsection*.281}% 285
\BOOKMARK [2][-]{subsection*.286}{\376\377\000R\000o\000m\000a\000n\000o\000s\000\040\0008\000:\0003\0005\000-\0003\0009\000\040\000N\000a\000d\000a\000\040\000n\000o\000s\000\040\000s\000e\000p\000a\000r\000a\000r\000\341\000\040\000d\000e\000l\000\040\000a\000m\000o\000r\000\040\000d\000e\000\040\000D\000i\000o\000s}{section*.159}% 286
\BOOKMARK [3][-]{subsubsection*.287}{\376\377\000R\000o\000m\000a\000n\000o\000s\000\040\0008\000:\0003\0005}{subsection*.286}% 287
\BOOKMARK [3][-]{subsubsection*.288}{\376\377\000R\000o\000m\000a\000n\000o\000s\000\040\0008\000:\0003\0006}{subsection*.286}% 288
\BOOKMARK [3][-]{subsubsection*.289}{\376\377\000R\000o\000m\000a\000n\000o\000s\000\040\0008\000:\0003\0007}{subsection*.286}% 289
\BOOKMARK [3][-]{subsubsection*.290}{\376\377\000R\000o\000m\000a\000n\000o\000s\000\040\0008\000:\0003\0008}{subsection*.286}% 290
\BOOKMARK [3][-]{subsubsection*.291}{\376\377\000R\000o\000m\000a\000n\000o\000s\000\040\0008\000:\0003\0009}{subsection*.286}% 291
\BOOKMARK [1][-]{section*.292}{\376\377\000E\000P\000\315\000L\000O\000G\000O\000\040\000V\000I\000S\000U\000A\000L}{}% 292
\BOOKMARK [2][-]{subsection*.293}{\376\377\000R\000o\000m\000a\000n\000o\000s\000\040\0008\000\040\000c\000o\000n\000f\000i\000r\000m\000a\000d\000o\000\040\000h\000i\000s\000t\000\363\000r\000i\000c\000a\000m\000e\000n\000t\000e\000\040\000e\000n\000\040\000R\000o\000m\000a\000n\000o\000s\000\040\0009\040\023\0001\0001}{section*.292}% 293
\BOOKMARK [2][-]{subsection*.294}{\376\377\000L\000a\000\040\000p\000r\000e\000g\000u\000n\000t\000a\000\040\000i\000n\000e\000v\000i\000t\000a\000b\000l\000e\000\040\000q\000u\000e\000\040\000n\000a\000c\000e\000\040\000d\000e\000\040\000R\000o\000m\000a\000n\000o\000s\000\040\0008}{section*.292}% 294
\BOOKMARK [2][-]{subsection*.295}{\376\377\000R\000o\000m\000a\000n\000o\000s\000\040\0009\040\023\0001\0001\000\040\000n\000o\000\040\000c\000a\000m\000b\000i\000a\000\040\000e\000l\000\040\000t\000e\000m\000a\000:\000\040\000l\000o\000\040\000v\000e\000r\000i\000f\000i\000c\000a}{section*.292}% 295
\BOOKMARK [2][-]{subsection*.296}{\376\377\000C\000o\000r\000r\000e\000s\000p\000o\000n\000d\000e\000n\000c\000i\000a\000s\000\040\000d\000i\000r\000e\000c\000t\000a\000s\000\040\000e\000n\000t\000r\000e\000\040\000R\000o\000m\000a\000n\000o\000s\000\040\0008\000\040\000y\000\040\0009\040\023\0001\0001}{section*.292}% 296
\BOOKMARK [3][-]{subsubsection*.297}{\376\377\000R\000o\000m\000a\000n\000o\000s\000\040\0008\000:\0003\0001}{subsection*.296}% 297
\BOOKMARK [2][-]{subsection*.298}{\376\377\000I\000s\000r\000a\000e\000l\000\040\000c\000o\000m\000o\000\040\000p\000r\000u\000e\000b\000a\000,\000\040\000n\000o\000\040\000c\000o\000m\000o\000\040\000e\000x\000c\000e\000p\000c\000i\000\363\000n}{section*.292}% 298
\BOOKMARK [2][-]{subsection*.299}{\376\377\000E\000l\000\040\000a\000r\000g\000u\000m\000e\000n\000t\000o\000\040\000c\000o\000m\000p\000l\000e\000t\000o\000\040\000d\000e\000\040\000R\000o\000m\000a\000n\000o\000s\000\040\0001\040\023\0001\0001}{section*.292}% 299
\BOOKMARK [1][-]{section*.300}{\376\377\000A\000P\000\311\000N\000D\000I\000C\000E}{}% 300
\BOOKMARK [1][-]{section*.301}{\376\377\000B\000I\000B\000L\000I\000O\000G\000R\000A\000F\000\315\000A}{}% 301
