\BOOKMARK [2][-]{subsection*.1}{\376\377\000S\000o\000b\000r\000e\000\040\000C\000G\000V}{}% 1
\BOOKMARK [1][-]{section*.2}{\376\377\000C\000o\000m\000o\000\040\000u\000s\000a\000r\000\040\000e\000s\000t\000e\000\040\000m\000a\000n\000u\000a\000l}{}% 2
\BOOKMARK [2][-]{subsection*.3}{\376\377\000P\000r\000o\000p\000\363\000s\000i\000t\000o\000\040\000y\000\040\000e\000n\000f\000o\000q\000u\000e}{section*.2}% 3
\BOOKMARK [2][-]{subsection*.4}{\376\377\000M\000e\000t\000o\000d\000o\000l\000o\000g\000\355\000a\000\040\000d\000e\000\040\000e\000s\000t\000u\000d\000i\000o}{section*.2}% 4
\BOOKMARK [2][-]{subsection*.5}{\376\377\000A\000l\000c\000a\000n\000c\000e\000\040\000y\000\040\000u\000s\000o\000\040\000d\000e\000l\000\040\000m\000a\000n\000u\000a\000l}{section*.2}% 5
\BOOKMARK [2][-]{subsection*.6}{\376\377\000R\000e\000s\000u\000l\000t\000a\000d\000o\000\040\000e\000s\000p\000e\000r\000a\000d\000o}{section*.2}% 6
\BOOKMARK [1][-]{section*.7}{\376\377\000P\000R\000E\000F\000A\000C\000I\000O}{}% 7
\BOOKMARK [2][-]{subsection*.8}{\376\377\000D\000I\000S\000C\000I\000P\000L\000I\000N\000A\000\040\000E\000N\000\040\000E\000L\000\040\000U\000S\000O\000\040\000D\000E\000L\000\040\000G\000R\000I\000E\000G\000O}{section*.7}% 8
\BOOKMARK [1][-]{section*.9}{\376\377\000C\000A\000P\000\315\000T\000U\000L\000O\000\040\0001}{}% 9
\BOOKMARK [2][-]{subsection*.10}{\376\377\0001\000.\000\040\000\277\000Q\000u\000\351\000\040\000e\000s\000t\000\341\000s\000\040\000v\000i\000e\000n\000d\000o\000\040\000c\000u\000a\000n\000d\000o\000\040\000v\000e\000s\000\040\000p\000a\000l\000a\000b\000r\000a\000s\000\040\000e\000n\000\040\000g\000r\000i\000e\000g\000o\000?}{section*.9}% 10
\BOOKMARK [2][-]{subsection*.11}{\376\377\0002\000.\000\040\000E\000l\000\040\000M\000o\000m\000e\000n\000t\000o\000\040\000e\000n\000\040\000Q\000u\000e\000\040\000A\000p\000a\000r\000e\000c\000e\000\040\000e\000l\000\040\000P\000r\000o\000b\000l\000e\000m\000a}{section*.9}% 11
\BOOKMARK [2][-]{subsection*.12}{\376\377\0003\000.\000\040\000T\000r\000e\000s\000\040\000E\000l\000e\000m\000e\000n\000t\000o\000s\000\040\000q\000u\000e\000\040\000S\000i\000e\000m\000p\000r\000e\000\040\000A\000p\000a\000r\000e\000c\000e\000n}{section*.9}% 12
\BOOKMARK [2][-]{subsection*.13}{\376\377\0004\000.\000\040\000E\000l\000\040\000G\000r\000i\000e\000g\000o\000\040\000n\000o\000\040\000e\000s\000\040\000M\000\355\000s\000t\000i\000c\000o}{section*.9}% 13
\BOOKMARK [2][-]{subsection*.14}{\376\377\0005\000.\000\040\000\277\000N\000e\000c\000e\000s\000i\000t\000a\000s\000\040\000H\000a\000b\000l\000a\000r\000\040\000G\000r\000i\000e\000g\000o\000\040\000P\000a\000r\000a\000\040\000U\000s\000a\000r\000\040\000H\000e\000r\000r\000a\000m\000i\000e\000n\000t\000a\000s\000?}{section*.9}% 14
\BOOKMARK [2][-]{subsection*.15}{\376\377\0006\000.\000\040\000N\000u\000e\000s\000t\000r\000o\000\040\000O\000b\000j\000e\000t\000i\000v\000o}{section*.9}% 15
\BOOKMARK [2][-]{subsection*.16}{\376\377\0007\000.\000\040\000L\000o\000\040\000Q\000u\000e\000\040\000H\000a\000r\000e\000m\000o\000s\000\040\000D\000e\000s\000p\000u\000\351\000s}{section*.9}% 16
\BOOKMARK [2][-]{subsection*.17}{\376\377\000P\000r\000\341\000c\000t\000i\000c\000a\000\040\000B\000r\000e\000v\000e}{section*.9}% 17
\BOOKMARK [2][-]{subsection*.18}{\376\377\000O\000b\000s\000e\000r\000v\000a\000c\000i\000\363\000n\000\040\000C\000o\000n\000s\000c\000i\000e\000n\000t\000e}{section*.9}% 18
\BOOKMARK [2][-]{subsection*.19}{\376\377\000R\000e\000f\000l\000e\000x\000i\000\363\000n\000\040\000b\000r\000e\000v\000e}{section*.9}% 19
\BOOKMARK [1][-]{section*.20}{\376\377\000C\000A\000P\000\315\000T\000U\000L\000O\000\040\0002}{}% 20
\BOOKMARK [2][-]{subsection*.21}{\376\377\000E\000l\000\040\000A\000l\000f\000a\000b\000e\000t\000o\000\040\000G\000r\000i\000e\000g\000o\000:\000\040\000R\000e\000c\000o\000n\000o\000c\000i\000m\000i\000e\000n\000t\000o\000\040\000s\000i\000n\000\040\000I\000n\000t\000i\000m\000i\000d\000a\000c\000i\000\363\000n}{section*.20}% 21
\BOOKMARK [2][-]{subsection*.22}{\376\377\0003\000.\000\040\000L\000e\000t\000r\000a\000s\000\040\000Q\000u\000e\000\040\000C\000o\000n\000f\000u\000n\000d\000e\000n\000\040\000a\000\040\000E\000s\000t\000u\000d\000i\000a\000n\000t\000e\000s\000\040\000N\000u\000e\000v\000o\000s}{section*.20}% 22
\BOOKMARK [2][-]{subsection*.23}{\376\377\0004\000.\000\040\000L\000a\000\040\000S\000i\000g\000m\000a\000\040\000T\000i\000e\000n\000e\000\040\000D\000o\000s\000\040\000F\000o\000r\000m\000a\000s}{section*.20}% 23
\BOOKMARK [2][-]{subsection*.24}{\376\377\0005\000.\000\040\000N\000o\000\040\000N\000e\000c\000e\000s\000i\000t\000a\000s\000\040\000P\000r\000o\000n\000u\000n\000c\000i\000a\000r\000\040\000P\000e\000r\000f\000e\000c\000t\000a\000m\000e\000n\000t\000e}{section*.20}% 24
\BOOKMARK [1][-]{section*.25}{\376\377\000E\000L\000\040\000A\000L\000F\000A\000B\000E\000T\000O\000\040\000G\000R\000I\000E\000G\000O}{}% 25
\BOOKMARK [1][-]{section*.26}{\376\377\000A\000l\000f\000a}{}% 26
\BOOKMARK [1][-]{section*.27}{\376\377\000B\000e\000t\000a}{}% 27
\BOOKMARK [1][-]{section*.28}{\376\377\000G\000a\000m\000a}{}% 28
\BOOKMARK [1][-]{section*.29}{\376\377\000D\000e\000l\000t\000a}{}% 29
\BOOKMARK [1][-]{section*.30}{\376\377\000E\000p\000s\000i\000l\000o\000n}{}% 30
\BOOKMARK [1][-]{section*.31}{\376\377\000Z\000e\000t\000a}{}% 31
\BOOKMARK [1][-]{section*.32}{\376\377\000E\000t\000a}{}% 32
\BOOKMARK [1][-]{section*.33}{\376\377\000T\000h\000e\000t\000a}{}% 33
\BOOKMARK [1][-]{section*.34}{\376\377\000I\000o\000t\000a}{}% 34
\BOOKMARK [1][-]{section*.35}{\376\377\000K\000a\000p\000a}{}% 35
\BOOKMARK [1][-]{section*.36}{\376\377\000L\000a\000m\000b\000d\000a}{}% 36
\BOOKMARK [1][-]{section*.37}{\376\377\000M\000u}{}% 37
\BOOKMARK [1][-]{section*.38}{\376\377\000N\000u}{}% 38
\BOOKMARK [1][-]{section*.39}{\376\377\000X\000s\000i}{}% 39
\BOOKMARK [1][-]{section*.40}{\376\377\000O\000m\000i\000c\000r\000o\000n}{}% 40
\BOOKMARK [1][-]{section*.41}{\376\377\000P\000i}{}% 41
\BOOKMARK [1][-]{section*.42}{\376\377\000R\000o}{}% 42
\BOOKMARK [1][-]{section*.43}{\376\377\000S\000i\000g\000m\000a}{}% 43
\BOOKMARK [1][-]{section*.44}{\376\377\000T\000a\000u}{}% 44
\BOOKMARK [1][-]{section*.45}{\376\377\000U\000p\000s\000i\000l\000o\000n}{}% 45
\BOOKMARK [1][-]{section*.46}{\376\377\000F\000i}{}% 46
\BOOKMARK [1][-]{section*.47}{\376\377\000Q\000u\000i}{}% 47
\BOOKMARK [1][-]{section*.48}{\376\377\000P\000s\000i}{}% 48
\BOOKMARK [1][-]{section*.49}{\376\377\000O\000m\000e\000g\000a}{}% 49
\BOOKMARK [2][-]{subsection*.50}{\376\377\000\241\000\241\003\232\003\261\003\275\003\304\003\265\003\274\003\277\003\302\000\040\003\273\003\261\003\302\000\040\003\233\003\265\003\304\003\301\003\261\003\302\000!\000!}{section*.49}% 50
\BOOKMARK [2][-]{subsection*.51}{\376\377\000P\000r\000\341\000c\000t\000i\000c\000a\000\040\000B\000r\000e\000v\000e}{section*.49}% 51
\BOOKMARK [1][-]{section*.52}{\376\377\000C\000A\000P\000\315\000T\000U\000L\000O\000\040\0003}{}% 52
\BOOKMARK [2][-]{subsection*.53}{\376\377\000\277\000Q\000u\000\351\000\040\000s\000o\000n\000\040\000l\000o\000s\000\040\000N\000\372\000m\000e\000r\000o\000s\000\040\000S\000t\000r\000o\000n\000g\000\040\000-\000\040\000y\000\040\000q\000u\000\351\000\040\000n\000o\000\040\000s\000o\000n\000?}{section*.52}% 53
\BOOKMARK [2][-]{subsection*.54}{\376\377\000P\000R\000\301\000C\000T\000I\000C\000A\000\040\000B\000R\000E\000V\000E}{section*.52}% 54
\BOOKMARK [1][-]{section*.55}{\376\377\000C\000A\000P\000\315\000T\000U\000L\000O\000\040\0004}{}% 55
\BOOKMARK [2][-]{subsection*.56}{\376\377\000\277\000Q\000u\000\351\000\040\000e\000s\000\040\000u\000n\000\040\000l\000e\000m\000a\000\040\000-\000\040\000y\000\040\000p\000o\000r\000\040\000q\000u\000\351\000\040\000S\000t\000r\000o\000n\000g\000\040\000A\000p\000u\000n\000t\000a\000\040\000a\000\040\000e\000l\000?}{section*.55}% 56
\BOOKMARK [2][-]{subsection*.57}{\376\377\000P\000r\000\341\000c\000t\000i\000c\000a\000\040\000B\000r\000e\000v\000e}{section*.55}% 57
\BOOKMARK [1][-]{section*.58}{\376\377\000C\000A\000P\000\315\000T\000U\000L\000O\000\040\0005}{}% 58
\BOOKMARK [2][-]{subsection*.59}{\376\377\000\277\000Q\000u\000\351\000\040\000e\000s\000\040\000M\000o\000r\000f\000o\000l\000o\000g\000\355\000a\000\040\000-\000\040\000y\000\040\000C\000\363\000m\000o\000\040\000L\000e\000e\000r\000\040\000R\000M\000A\000C\000\040\000s\000i\000n\000\040\000P\000\341\000n\000i\000c\000o\000?}{section*.58}% 59
\BOOKMARK [2][-]{subsection*.60}{\376\377\000P\000r\000\341\000c\000t\000i\000c\000a\000\040\000B\000r\000e\000v\000e}{section*.58}% 60
\BOOKMARK [1][-]{section*.61}{\376\377\000C\000A\000P\000\315\000T\000U\000L\000O\000\040\0006}{}% 61
\BOOKMARK [2][-]{subsection*.62}{\376\377\000V\000e\000r\000b\000o\000s\000:\000\040\000L\000o\000\040\000m\000\355\000n\000i\000m\000o\000\040\000q\000u\000e\000\040\000N\000e\000c\000e\000s\000i\000t\000a\000s\000\040\000E\000n\000t\000e\000n\000d\000e\000r}{section*.61}% 62
\BOOKMARK [2][-]{subsection*.63}{\376\377\000P\000r\000\341\000c\000t\000i\000c\000a\000\040\000B\000r\000e\000v\000e}{section*.61}% 63
\BOOKMARK [1][-]{section*.64}{\376\377\000C\000A\000P\000\315\000T\000U\000L\000O\000\040\0007}{}% 64
\BOOKMARK [2][-]{subsection*.65}{\376\377\000L\000O\000S\000\040\000C\000A\000S\000O\000S\000\040\000G\000R\000I\000E\000G\000O\000S\000:\000\040\000I\000N\000F\000O\000R\000M\000A\000C\000I\000\323\000N\000,\000\040\000N\000O\000\040\000E\000S\000P\000E\000C\000U\000L\000A\000C\000I\000\323\000N}{section*.64}% 65
\BOOKMARK [2][-]{subsection*.66}{\376\377\000P\000r\000\341\000c\000t\000i\000c\000a\000\040\000B\000r\000e\000v\000e}{section*.64}% 66
\BOOKMARK [1][-]{section*.67}{\376\377\000C\000A\000P\000\315\000T\000U\000L\000O\000\040\0008}{}% 67
\BOOKMARK [2][-]{subsection*.68}{\376\377\000C\000\363\000m\000o\000\040\000L\000e\000e\000r\000\040\000u\000n\000\040\000L\000\351\000x\000i\000c\000o\000\040\000s\000i\000n\000\040\000E\000x\000a\000g\000e\000r\000a\000r\000\040\000D\000e\000f\000i\000n\000i\000c\000i\000o\000n\000e\000s}{section*.67}% 68
\BOOKMARK [2][-]{subsection*.69}{\376\377\000P\000r\000\341\000c\000t\000i\000c\000a\000\040\000B\000r\000e\000v\000e}{section*.67}% 69
\BOOKMARK [1][-]{section*.70}{\376\377\000C\000A\000P\000\315\000T\000U\000L\000O\000\040\0009}{}% 70
\BOOKMARK [2][-]{subsection*.71}{\376\377\000P\000r\000\341\000c\000t\000i\000c\000a\000\040\000B\000r\000e\000v\000e}{section*.70}% 71
\BOOKMARK [1][-]{section*.72}{\376\377\000C\000A\000P\000\315\000T\000U\000L\000O\000\040\0001\0000}{}% 72
\BOOKMARK [2][-]{subsection*.73}{\376\377\000T\000A\000L\000L\000E\000R\000\040\000P\000R\000\301\000C\000T\000I\000C\000O\000:\000\040\0001\000\040\000J\000U\000A\000N\000\040\0001\000:\0005\040\023\0001\0000}{section*.72}% 73
\BOOKMARK [1][-]{section*.74}{\376\377\000C\000o\000n\000c\000l\000u\000s\000i\000\363\000n\000\040\000D\000e\000l\000\040\000M\000a\000n\000u\000a\000l}{}% 74
\BOOKMARK [1][-]{section*.75}{\376\377\000G\000L\000O\000S\000A\000R\000I\000O\000\040\000B\000\301\000S\000I\000C\000O}{}% 75
\BOOKMARK [2][-]{subsection*.76}{\376\377\000H\000O\000J\000A\000\040\000D\000E\000\040\000R\000E\000F\000E\000R\000E\000N\000C\000I\000A\000\040\000R\000\301\000P\000I\000D\000A\000\040\000R\000M\000A\000C}{section*.75}% 76
\BOOKMARK [2][-]{subsection*.77}{\376\377\000R\000E\000G\000L\000A\000S\000\040\000D\000E\000\040\000O\000R\000O\000\040\000P\000A\000R\000A\000\040\000U\000S\000A\000R\000\040\000E\000L\000\040\000G\000R\000I\000E\000G\000O\000\040\000E\000N\000\040\000E\000L\000\040\000E\000S\000T\000U\000D\000I\000O\000\040\000B\000\315\000B\000L\000I\000C\000O}{section*.75}% 77
\BOOKMARK [2][-]{subsection*.78}{\376\377\000C\000I\000E\000R\000R\000E}{section*.75}% 78
